GAS LISTING /tmp/ccRO1unl.s 			page 1


   1              		.file	"initialize.cpp"
   2              		.option pic
   3              		.option norelax
   4              		.text
   5              	.Ltext0:
   6              		.align	2
   7              		.globl	_Z10initializev
   9              	_Z10initializev:
  10              	.LFB46:
  11              		.file 1 "src/initialize.cpp"
   1:src/initialize.cpp **** #include "../h/MemoryAllocator.hpp"
   2:src/initialize.cpp **** #include "../h/tcb.hpp"
   3:src/initialize.cpp **** #include "../h/syscall_c.h"
   4:src/initialize.cpp **** #include "../h/riscv.hpp"
   5:src/initialize.cpp **** #include "../h/syscall_cpp.hpp"
   6:src/initialize.cpp **** extern void userMain();
   7:src/initialize.cpp **** 
   8:src/initialize.cpp **** void initialize()
   9:src/initialize.cpp **** {
  12              		.loc 1 9 1
  13              		.cfi_startproc
  14 0000 130101FE 		addi	sp,sp,-32
  15              		.cfi_def_cfa_offset 32
  16 0004 233C1100 		sd	ra,24(sp)
  17 0008 23388100 		sd	s0,16(sp)
  18              		.cfi_offset 1, -8
  19              		.cfi_offset 8, -16
  20 000c 13040102 		addi	s0,sp,32
  21              		.cfi_def_cfa 8, 0
  10:src/initialize.cpp ****     Riscv::w_stvec((uint64)&Riscv::supervisorTrap);
  22              		.loc 1 10 5
  23              		.loc 1 10 19 is_stmt 0
  24 0010 97070000 		la	a5,_ZN5Riscv14supervisorTrapEv
  24      83B70700 
  25              	.LVL0:
  26              	.LBB4:
  27              	.LBB5:
  28              		.file 2 "src/../h/riscv.hpp"
   1:src/../h/riscv.hpp **** //
   2:src/../h/riscv.hpp **** // Created by marko on 20.4.22..
   3:src/../h/riscv.hpp **** //
   4:src/../h/riscv.hpp **** 
   5:src/../h/riscv.hpp **** #ifndef OS1_VEZBE07_RISCV_CONTEXT_SWITCH_2_INTERRUPT_RISCV_HPP
   6:src/../h/riscv.hpp **** #define OS1_VEZBE07_RISCV_CONTEXT_SWITCH_2_INTERRUPT_RISCV_HPP
   7:src/../h/riscv.hpp **** 
   8:src/../h/riscv.hpp **** #include "../lib/hw.h"
   9:src/../h/riscv.hpp **** 
  10:src/../h/riscv.hpp **** class Riscv
  11:src/../h/riscv.hpp **** {
  12:src/../h/riscv.hpp **** public:
  13:src/../h/riscv.hpp **** 
  14:src/../h/riscv.hpp ****     // pop sstatus.spp and sstatus.spie bits (has to be a non inline function)
  15:src/../h/riscv.hpp ****     static void popSppSpie();
  16:src/../h/riscv.hpp **** 
  17:src/../h/riscv.hpp ****     // read register scause
  18:src/../h/riscv.hpp ****     static uint64 r_scause();
  19:src/../h/riscv.hpp **** 
GAS LISTING /tmp/ccRO1unl.s 			page 2


  20:src/../h/riscv.hpp ****     // write register scause
  21:src/../h/riscv.hpp ****     static void w_scause(uint64 scause);
  22:src/../h/riscv.hpp **** 
  23:src/../h/riscv.hpp ****     // read register sepc
  24:src/../h/riscv.hpp ****     static volatile uint64 r_sepc();
  25:src/../h/riscv.hpp **** 
  26:src/../h/riscv.hpp ****     // write register sepc
  27:src/../h/riscv.hpp ****     static void w_sepc(uint64 sepc);
  28:src/../h/riscv.hpp **** 
  29:src/../h/riscv.hpp ****     // read register stvec
  30:src/../h/riscv.hpp ****     static uint64 r_stvec();
  31:src/../h/riscv.hpp **** 
  32:src/../h/riscv.hpp ****     // write register stvec
  33:src/../h/riscv.hpp ****     static void w_stvec(uint64 stvec);
  34:src/../h/riscv.hpp **** 
  35:src/../h/riscv.hpp ****     // read register stval
  36:src/../h/riscv.hpp ****     static uint64 r_stval();
  37:src/../h/riscv.hpp **** 
  38:src/../h/riscv.hpp ****     // write register stval
  39:src/../h/riscv.hpp ****     static void w_stval(uint64 stval);
  40:src/../h/riscv.hpp **** 
  41:src/../h/riscv.hpp ****     enum BitMaskSip
  42:src/../h/riscv.hpp ****     {
  43:src/../h/riscv.hpp ****         SIP_SSIP = (1 << 1),
  44:src/../h/riscv.hpp ****         SIP_STIP = (1 << 5),
  45:src/../h/riscv.hpp ****         SIP_SEIP = (1 << 9),
  46:src/../h/riscv.hpp ****     };
  47:src/../h/riscv.hpp **** 
  48:src/../h/riscv.hpp ****     // mask set register sip
  49:src/../h/riscv.hpp ****     static void ms_sip(uint64 mask);
  50:src/../h/riscv.hpp **** 
  51:src/../h/riscv.hpp ****     // mask clear register sip
  52:src/../h/riscv.hpp ****     static void mc_sip(uint64 mask);
  53:src/../h/riscv.hpp **** 
  54:src/../h/riscv.hpp ****     // read register sip
  55:src/../h/riscv.hpp ****     static uint64 r_sip();
  56:src/../h/riscv.hpp **** 
  57:src/../h/riscv.hpp ****     // write register sip
  58:src/../h/riscv.hpp ****     static void w_sip(uint64 sip);
  59:src/../h/riscv.hpp **** 
  60:src/../h/riscv.hpp ****     enum BitMaskSstatus
  61:src/../h/riscv.hpp ****     {
  62:src/../h/riscv.hpp ****         SSTATUS_SIE = (1 << 1),
  63:src/../h/riscv.hpp ****         SSTATUS_SPIE = (1 << 5),
  64:src/../h/riscv.hpp ****         SSTATUS_SPP = (1 << 8),
  65:src/../h/riscv.hpp ****     };
  66:src/../h/riscv.hpp **** 
  67:src/../h/riscv.hpp ****     // mask set register sstatus
  68:src/../h/riscv.hpp ****     static void ms_sstatus(uint64 mask);
  69:src/../h/riscv.hpp **** 
  70:src/../h/riscv.hpp ****     // mask clear register sstatus
  71:src/../h/riscv.hpp ****     static void mc_sstatus(uint64 mask);
  72:src/../h/riscv.hpp **** 
  73:src/../h/riscv.hpp ****     // read register sstatus
  74:src/../h/riscv.hpp ****     static uint64 r_sstatus();
  75:src/../h/riscv.hpp **** 
  76:src/../h/riscv.hpp ****     // write register sstatus
GAS LISTING /tmp/ccRO1unl.s 			page 3


  77:src/../h/riscv.hpp ****     static void w_sstatus(uint64 sstatus);
  78:src/../h/riscv.hpp **** 
  79:src/../h/riscv.hpp ****     // supervisor trap
  80:src/../h/riscv.hpp ****     static void supervisorTrap();
  81:src/../h/riscv.hpp ****     static uint64 r_a0();
  82:src/../h/riscv.hpp ****     static uint64 r_a1();
  83:src/../h/riscv.hpp ****     static uint64 r_a2();
  84:src/../h/riscv.hpp ****     static uint64 r_a3();
  85:src/../h/riscv.hpp ****     static uint64 r_a4();
  86:src/../h/riscv.hpp **** 
  87:src/../h/riscv.hpp **** 
  88:src/../h/riscv.hpp ****     static void pushRegisters();
  89:src/../h/riscv.hpp ****     static void popRegisters();
  90:src/../h/riscv.hpp **** 
  91:src/../h/riscv.hpp **** private:
  92:src/../h/riscv.hpp **** 
  93:src/../h/riscv.hpp ****     // supervisor trap handler
  94:src/../h/riscv.hpp ****     static void handleSupervisorTrap();
  95:src/../h/riscv.hpp **** 
  96:src/../h/riscv.hpp **** };
  97:src/../h/riscv.hpp **** inline uint64 Riscv::r_a0()
  98:src/../h/riscv.hpp **** {
  99:src/../h/riscv.hpp ****     uint64  a0;
 100:src/../h/riscv.hpp ****     __asm__ volatile ("mv %0, a0" : "=r"(a0));
 101:src/../h/riscv.hpp ****     return a0;
 102:src/../h/riscv.hpp **** }
 103:src/../h/riscv.hpp **** 
 104:src/../h/riscv.hpp **** inline uint64 Riscv::r_a1()
 105:src/../h/riscv.hpp **** {
 106:src/../h/riscv.hpp ****     uint64  a0;
 107:src/../h/riscv.hpp ****     __asm__ volatile ("mv %0, a1" : "=r"(a0));
 108:src/../h/riscv.hpp ****     return a0;
 109:src/../h/riscv.hpp **** }
 110:src/../h/riscv.hpp **** 
 111:src/../h/riscv.hpp **** inline uint64 Riscv::r_a2()
 112:src/../h/riscv.hpp **** {
 113:src/../h/riscv.hpp ****     uint64  a0;
 114:src/../h/riscv.hpp ****     __asm__ volatile ("mv %0, a2" : "=r"(a0));
 115:src/../h/riscv.hpp ****     return a0;
 116:src/../h/riscv.hpp **** }
 117:src/../h/riscv.hpp **** inline uint64 Riscv::r_a3()
 118:src/../h/riscv.hpp **** {
 119:src/../h/riscv.hpp ****     uint64  a0;
 120:src/../h/riscv.hpp ****     __asm__ volatile ("mv %0, a3" : "=r"(a0));
 121:src/../h/riscv.hpp ****     return a0;
 122:src/../h/riscv.hpp **** }
 123:src/../h/riscv.hpp **** inline uint64 Riscv::r_a4()
 124:src/../h/riscv.hpp **** {
 125:src/../h/riscv.hpp ****     uint64  a0;
 126:src/../h/riscv.hpp ****     __asm__ volatile ("mv %0, a4" : "=r"(a0));
 127:src/../h/riscv.hpp ****     return a0;
 128:src/../h/riscv.hpp **** }
 129:src/../h/riscv.hpp **** inline uint64 Riscv::r_scause()
 130:src/../h/riscv.hpp **** {
 131:src/../h/riscv.hpp ****     uint64 volatile scause;
 132:src/../h/riscv.hpp ****     __asm__ volatile ("csrr %[scause], scause" : [scause] "=r"(scause));
 133:src/../h/riscv.hpp ****     return scause;
GAS LISTING /tmp/ccRO1unl.s 			page 4


 134:src/../h/riscv.hpp **** }
 135:src/../h/riscv.hpp **** 
 136:src/../h/riscv.hpp **** inline void Riscv::w_scause(uint64 scause)
 137:src/../h/riscv.hpp **** {
 138:src/../h/riscv.hpp ****     __asm__ volatile ("csrw scause, %[scause]" : : [scause] "r"(scause));
 139:src/../h/riscv.hpp **** }
 140:src/../h/riscv.hpp **** 
 141:src/../h/riscv.hpp **** inline volatile uint64 Riscv::r_sepc()
 142:src/../h/riscv.hpp **** {
 143:src/../h/riscv.hpp ****     uint64 volatile sepc;
 144:src/../h/riscv.hpp ****     __asm__ volatile ("csrr %[sepc], sepc" : [sepc] "=r"(sepc));
 145:src/../h/riscv.hpp ****     return sepc;
 146:src/../h/riscv.hpp **** }
 147:src/../h/riscv.hpp **** 
 148:src/../h/riscv.hpp **** inline void Riscv::w_sepc(uint64 sepc)
 149:src/../h/riscv.hpp **** {
 150:src/../h/riscv.hpp ****     __asm__ volatile ("csrw sepc, %[sepc]" : : [sepc] "r"(sepc));
 151:src/../h/riscv.hpp **** }
 152:src/../h/riscv.hpp **** 
 153:src/../h/riscv.hpp **** inline uint64 Riscv::r_stvec()
 154:src/../h/riscv.hpp **** {
 155:src/../h/riscv.hpp ****     uint64 volatile stvec;
 156:src/../h/riscv.hpp ****     __asm__ volatile ("csrr %[stvec], stvec" : [stvec] "=r"(stvec));
 157:src/../h/riscv.hpp ****     return stvec;
 158:src/../h/riscv.hpp **** }
 159:src/../h/riscv.hpp **** 
 160:src/../h/riscv.hpp **** inline void Riscv::w_stvec(uint64 stvec)
 161:src/../h/riscv.hpp **** {
 162:src/../h/riscv.hpp ****     __asm__ volatile ("csrw stvec, %[stvec]" : : [stvec] "r"(stvec));
  29              		.loc 2 162 5 is_stmt 1
  30              		.loc 2 162 69 is_stmt 0
  31              	#APP
  32              	# 162 "src/../h/riscv.hpp" 1
 163              	}
  33              		csrw stvec, a5
  34              	# 0 "" 2
  35              	.LVL1:
  36              	#NO_APP
  37              	.LBE5:
  38              	.LBE4:
  11:src/initialize.cpp **** 
  12:src/initialize.cpp ****     MemoryAllocator::initMemory();
  39              		.loc 1 12 5 is_stmt 1
  40              		.loc 1 12 32 is_stmt 0
  41 001c 97000000 		call	_ZN15MemoryAllocator10initMemoryEv@plt
  41      E7800000 
  42              	.LVL2:
  13:src/initialize.cpp ****     Scheduler::init();
  43              		.loc 1 13 5 is_stmt 1
  44              		.loc 1 13 20 is_stmt 0
  45 0024 97000000 		call	_ZN9Scheduler4initEv@plt
  45      E7800000 
  46              	.LVL3:
  14:src/initialize.cpp ****     thread_t handle;
  47              		.loc 1 14 5 is_stmt 1
  15:src/initialize.cpp **** //    thread_t  usr;
  16:src/initialize.cpp **** 
GAS LISTING /tmp/ccRO1unl.s 			page 5


  17:src/initialize.cpp ****     TCB::createThread(&handle, nullptr, nullptr);
  48              		.loc 1 17 5
  49              		.loc 1 17 22 is_stmt 0
  50 002c 13060000 		li	a2,0
  51 0030 93050000 		li	a1,0
  52 0034 130584FE 		addi	a0,s0,-24
  53 0038 97000000 		call	_ZN3TCB12createThreadEPPS_PFvPvES2_@plt
  53      E7800000 
  54              	.LVL4:
  18:src/initialize.cpp **** //    TCB::createThread(&usr, (void(*)(void*))userMain, nullptr);
  19:src/initialize.cpp **** //    switch_to_user_mode();
  20:src/initialize.cpp **** 
  21:src/initialize.cpp ****     TCB::running = handle;
  55              		.loc 1 21 5 is_stmt 1
  56              		.loc 1 21 18 is_stmt 0
  57 0040 97070000 		la	a5,_ZN3TCB7runningE
  57      83B70700 
  58 0048 033784FE 		ld	a4,-24(s0)
  59 004c 23B0E700 		sd	a4,0(a5)
  22:src/initialize.cpp **** //    thread_join(usr);
  23:src/initialize.cpp **** 
  24:src/initialize.cpp **** //    __asm__ volatile("csrs sstatus, %[mask]": : [mask] "r"(1 << 5));
  25:src/initialize.cpp **** //    Riscv::w_stvec((uint64)&Riscv::supervisorTrap);
  26:src/initialize.cpp **** //
  27:src/initialize.cpp **** //
  28:src/initialize.cpp **** //    Riscv::mc_sstatus(Riscv::SSTATUS_SPP);
  29:src/initialize.cpp **** }
  60              		.loc 1 29 1
  61 0050 83308101 		ld	ra,24(sp)
  62              		.cfi_restore 1
  63 0054 03340101 		ld	s0,16(sp)
  64              		.cfi_restore 8
  65              		.cfi_def_cfa 2, 32
  66 0058 13010102 		addi	sp,sp,32
  67              		.cfi_def_cfa_offset 0
  68 005c 67800000 		jr	ra
  69              		.cfi_endproc
  70              	.LFE46:
  72              	.Letext0:
  73              		.file 3 "src/../h/../lib/hw.h"
  74              		.file 4 "src/../h/MemoryAllocator.hpp"
  75              		.file 5 "src/../h/../h/scheduler.hpp"
  76              		.file 6 "src/../h/../h/list.hpp"
  77              		.file 7 "src/../h/tcb.hpp"
  78              		.file 8 "src/../h/../h/syscall_c.h"
GAS LISTING /tmp/ccRO1unl.s 			page 6


DEFINED SYMBOLS
                            *ABS*:0000000000000000 initialize.cpp
     /tmp/ccRO1unl.s:9      .text:0000000000000000 _Z10initializev
     /tmp/ccRO1unl.s:13     .text:0000000000000000 .L0 
     /tmp/ccRO1unl.s:14     .text:0000000000000000 .L0 
     /tmp/ccRO1unl.s:15     .text:0000000000000004 .L0 
     /tmp/ccRO1unl.s:18     .text:000000000000000c .L0 
     /tmp/ccRO1unl.s:19     .text:000000000000000c .L0 
     /tmp/ccRO1unl.s:21     .text:0000000000000010 .L0 
     /tmp/ccRO1unl.s:23     .text:0000000000000010 .L0 
     /tmp/ccRO1unl.s:24     .text:0000000000000010 .L0 
     /tmp/ccRO1unl.s:30     .text:0000000000000018 .L0 
  src/../h/riscv.hpp:162    .text:0000000000000018 .L0 
     /tmp/ccRO1unl.s:40     .text:000000000000001c .L0 
     /tmp/ccRO1unl.s:41     .text:000000000000001c .L0 
     /tmp/ccRO1unl.s:44     .text:0000000000000024 .L0 
     /tmp/ccRO1unl.s:45     .text:0000000000000024 .L0 
     /tmp/ccRO1unl.s:48     .text:000000000000002c .L0 
     /tmp/ccRO1unl.s:49     .text:000000000000002c .L0 
     /tmp/ccRO1unl.s:50     .text:000000000000002c .L0 
     /tmp/ccRO1unl.s:56     .text:0000000000000040 .L0 
     /tmp/ccRO1unl.s:57     .text:0000000000000040 .L0 
     /tmp/ccRO1unl.s:61     .text:0000000000000050 .L0 
     /tmp/ccRO1unl.s:62     .text:0000000000000054 .L0 
     /tmp/ccRO1unl.s:64     .text:0000000000000058 .L0 
     /tmp/ccRO1unl.s:65     .text:0000000000000058 .L0 
     /tmp/ccRO1unl.s:67     .text:000000000000005c .L0 
     /tmp/ccRO1unl.s:69     .text:0000000000000060 .L0 
     /tmp/ccRO1unl.s:79     .text:0000000000000060 .L0 
     /tmp/ccRO1unl.s:24     .text:0000000000000010 .L0 
     /tmp/ccRO1unl.s:57     .text:0000000000000040 .L0 
     /tmp/ccRO1unl.s:1161   .debug_abbrev:0000000000000000 .Ldebug_abbrev0
     /tmp/ccRO1unl.s:2307   .debug_str:00000000000007a8 .LASF151
     /tmp/ccRO1unl.s:2239   .debug_str:00000000000005f1 .LASF152
     /tmp/ccRO1unl.s:2171   .debug_str:00000000000003fa .LASF153
     /tmp/ccRO1unl.s:5      .text:0000000000000000 .Ltext0
     /tmp/ccRO1unl.s:72     .text:0000000000000060 .Letext0
     /tmp/ccRO1unl.s:2057   .debug_line:0000000000000000 .Ldebug_line0
     /tmp/ccRO1unl.s:2149   .debug_str:000000000000030c .LASF0
     /tmp/ccRO1unl.s:2175   .debug_str:000000000000042f .LASF1
     /tmp/ccRO1unl.s:2251   .debug_str:000000000000063d .LASF2
     /tmp/ccRO1unl.s:2259   .debug_str:0000000000000678 .LASF4
     /tmp/ccRO1unl.s:2159   .debug_str:0000000000000372 .LASF3
     /tmp/ccRO1unl.s:2071   .debug_str:0000000000000066 .LASF5
     /tmp/ccRO1unl.s:2225   .debug_str:0000000000000571 .LASF6
     /tmp/ccRO1unl.s:2167   .debug_str:00000000000003d4 .LASF7
     /tmp/ccRO1unl.s:2133   .debug_str:0000000000000262 .LASF8
     /tmp/ccRO1unl.s:2137   .debug_str:000000000000028e .LASF9
     /tmp/ccRO1unl.s:2097   .debug_str:0000000000000114 .LASF10
     /tmp/ccRO1unl.s:2125   .debug_str:000000000000020c .LASF11
     /tmp/ccRO1unl.s:2107   .debug_str:0000000000000169 .LASF12
     /tmp/ccRO1unl.s:2095   .debug_str:0000000000000104 .LASF13
     /tmp/ccRO1unl.s:2293   .debug_str:000000000000076c .LASF14
     /tmp/ccRO1unl.s:2117   .debug_str:00000000000001a8 .LASF15
     /tmp/ccRO1unl.s:2279   .debug_str:00000000000006ec .LASF16
     /tmp/ccRO1unl.s:2221   .debug_str:0000000000000555 .LASF17
     /tmp/ccRO1unl.s:2333   .debug_str:0000000000000931 .LASF24
GAS LISTING /tmp/ccRO1unl.s 			page 7


     /tmp/ccRO1unl.s:2315   .debug_str:0000000000000893 .LASF26
     /tmp/ccRO1unl.s:2059   .debug_str:0000000000000000 .LASF21
     /tmp/ccRO1unl.s:2147   .debug_str:00000000000002e9 .LASF22
     /tmp/ccRO1unl.s:2079   .debug_str:0000000000000089 .LASF67
     /tmp/ccRO1unl.s:2291   .debug_str:000000000000074a .LASF69
     /tmp/ccRO1unl.s:2131   .debug_str:0000000000000258 .LASF18
     /tmp/ccRO1unl.s:2075   .debug_str:0000000000000078 .LASF19
     /tmp/ccRO1unl.s:2189   .debug_str:0000000000000484 .LASF20
     /tmp/ccRO1unl.s:2367   .debug_str:00000000000009f0 .LASF23
     /tmp/ccRO1unl.s:2081   .debug_str:0000000000000093 .LASF25
     /tmp/ccRO1unl.s:2285   .debug_str:000000000000071a .LASF27
     /tmp/ccRO1unl.s:2359   .debug_str:00000000000009b2 .LASF28
     /tmp/ccRO1unl.s:2165   .debug_str:00000000000003b7 .LASF98
     /tmp/ccRO1unl.s:2371   .debug_str:0000000000000a08 .LASF154
     /tmp/ccRO1unl.s:2141   .debug_str:00000000000002a7 .LASF155
     /tmp/ccRO1unl.s:2337   .debug_str:0000000000000945 .LASF29
     /tmp/ccRO1unl.s:2327   .debug_str:00000000000008f9 .LASF156
     /tmp/ccRO1unl.s:2283   .debug_str:0000000000000715 .LASF30
     /tmp/ccRO1unl.s:2205   .debug_str:00000000000004ff .LASF31
     /tmp/ccRO1unl.s:2199   .debug_str:00000000000004db .LASF32
     /tmp/ccRO1unl.s:2281   .debug_str:0000000000000702 .LASF33
     /tmp/ccRO1unl.s:2123   .debug_str:00000000000001f5 .LASF39
     /tmp/ccRO1unl.s:2253   .debug_str:000000000000064b .LASF157
     /tmp/ccRO1unl.s:2245   .debug_str:0000000000000612 .LASF158
     /tmp/ccRO1unl.s:2173   .debug_str:0000000000000426 .LASF34
     /tmp/ccRO1unl.s:2089   .debug_str:00000000000000bd .LASF35
     /tmp/ccRO1unl.s:2187   .debug_str:000000000000047c .LASF36
     /tmp/ccRO1unl.s:2119   .debug_str:00000000000001be .LASF37
     /tmp/ccRO1unl.s:2223   .debug_str:0000000000000565 .LASF38
     /tmp/ccRO1unl.s:2339   .debug_str:000000000000094f .LASF40
     /tmp/ccRO1unl.s:2385   .debug_str:0000000000000a87 .LASF41
     /tmp/ccRO1unl.s:2373   .debug_str:0000000000000a1c .LASF42
     /tmp/ccRO1unl.s:2271   .debug_str:00000000000006bd .LASF43
     /tmp/ccRO1unl.s:2197   .debug_str:00000000000004be .LASF44
     /tmp/ccRO1unl.s:2241   .debug_str:0000000000000604 .LASF45
     /tmp/ccRO1unl.s:2065   .debug_str:0000000000000018 .LASF46
     /tmp/ccRO1unl.s:2295   .debug_str:0000000000000778 .LASF159
     /tmp/ccRO1unl.s:2261   .debug_str:000000000000067f .LASF47
     /tmp/ccRO1unl.s:2069   .debug_str:000000000000005a .LASF48
     /tmp/ccRO1unl.s:2297   .debug_str:0000000000000780 .LASF49
     /tmp/ccRO1unl.s:2201   .debug_str:00000000000004e0 .LASF50
     /tmp/ccRO1unl.s:2085   .debug_str:00000000000000a3 .LASF51
     /tmp/ccRO1unl.s:2323   .debug_str:00000000000008d9 .LASF52
     /tmp/ccRO1unl.s:2355   .debug_str:00000000000009a0 .LASF53
     /tmp/ccRO1unl.s:2091   .debug_str:00000000000000da .LASF54
     /tmp/ccRO1unl.s:2299   .debug_str:000000000000078b .LASF55
     /tmp/ccRO1unl.s:2105   .debug_str:0000000000000153 .LASF56
     /tmp/ccRO1unl.s:2179   .debug_str:0000000000000448 .LASF57
     /tmp/ccRO1unl.s:2329   .debug_str:00000000000008fe .LASF58
     /tmp/ccRO1unl.s:2309   .debug_str:000000000000086c .LASF59
     /tmp/ccRO1unl.s:2153   .debug_str:0000000000000326 .LASF60
     /tmp/ccRO1unl.s:2217   .debug_str:000000000000053f .LASF160
     /tmp/ccRO1unl.s:2093   .debug_str:00000000000000ef .LASF61
     /tmp/ccRO1unl.s:2129   .debug_str:000000000000022c .LASF62
     /tmp/ccRO1unl.s:2379   .debug_str:0000000000000a63 .LASF63
     /tmp/ccRO1unl.s:2231   .debug_str:00000000000005ac .LASF64
     /tmp/ccRO1unl.s:2177   .debug_str:0000000000000442 .LASF65
GAS LISTING /tmp/ccRO1unl.s 			page 8


     /tmp/ccRO1unl.s:2311   .debug_str:0000000000000879 .LASF66
     /tmp/ccRO1unl.s:2303   .debug_str:000000000000079b .LASF68
     /tmp/ccRO1unl.s:2127   .debug_str:000000000000021b .LASF70
     /tmp/ccRO1unl.s:2305   .debug_str:00000000000007a0 .LASF71
     /tmp/ccRO1unl.s:2113   .debug_str:0000000000000199 .LASF72
     /tmp/ccRO1unl.s:2103   .debug_str:0000000000000140 .LASF73
     /tmp/ccRO1unl.s:2233   .debug_str:00000000000005c2 .LASF161
     /tmp/ccRO1unl.s:2061   .debug_str:000000000000000b .LASF74
     /tmp/ccRO1unl.s:2191   .debug_str:0000000000000491 .LASF75
     /tmp/ccRO1unl.s:2319   .debug_str:00000000000008bc .LASF76
     /tmp/ccRO1unl.s:2313   .debug_str:0000000000000889 .LASF77
     /tmp/ccRO1unl.s:2277   .debug_str:00000000000006e3 .LASF78
     /tmp/ccRO1unl.s:2209   .debug_str:000000000000050b .LASF79
     /tmp/ccRO1unl.s:2083   .debug_str:0000000000000098 .LASF80
     /tmp/ccRO1unl.s:2087   .debug_str:00000000000000af .LASF84
     /tmp/ccRO1unl.s:2181   .debug_str:0000000000000455 .LASF86
     /tmp/ccRO1unl.s:2109   .debug_str:0000000000000179 .LASF81
     /tmp/ccRO1unl.s:2067   .debug_str:0000000000000032 .LASF162
     /tmp/ccRO1unl.s:2369   .debug_str:0000000000000a02 .LASF82
     /tmp/ccRO1unl.s:2227   .debug_str:0000000000000584 .LASF83
     /tmp/ccRO1unl.s:2063   .debug_str:0000000000000010 .LASF85
     /tmp/ccRO1unl.s:2215   .debug_str:000000000000052d .LASF87
     /tmp/ccRO1unl.s:2269   .debug_str:00000000000006ac .LASF88
     /tmp/ccRO1unl.s:2257   .debug_str:000000000000066d .LASF89
     /tmp/ccRO1unl.s:2361   .debug_str:00000000000009be .LASF90
     /tmp/ccRO1unl.s:2335   .debug_str:000000000000093c .LASF91
     /tmp/ccRO1unl.s:2301   .debug_str:0000000000000796 .LASF92
     /tmp/ccRO1unl.s:2243   .debug_str:000000000000060d .LASF93
     /tmp/ccRO1unl.s:2341   .debug_str:000000000000096d .LASF94
     /tmp/ccRO1unl.s:2139   .debug_str:000000000000029c .LASF95
     /tmp/ccRO1unl.s:2145   .debug_str:00000000000002d1 .LASF96
     /tmp/ccRO1unl.s:2325   .debug_str:00000000000008f0 .LASF97
     /tmp/ccRO1unl.s:2321   .debug_str:00000000000008c4 .LASF99
     /tmp/ccRO1unl.s:2247   .debug_str:0000000000000629 .LASF100
     /tmp/ccRO1unl.s:2211   .debug_str:0000000000000513 .LASF101
     /tmp/ccRO1unl.s:2235   .debug_str:00000000000005d7 .LASF102
     /tmp/ccRO1unl.s:2237   .debug_str:00000000000005de .LASF103
     /tmp/ccRO1unl.s:2207   .debug_str:0000000000000504 .LASF104
     /tmp/ccRO1unl.s:2169   .debug_str:00000000000003e7 .LASF105
     /tmp/ccRO1unl.s:2357   .debug_str:00000000000009aa .LASF106
     /tmp/ccRO1unl.s:2289   .debug_str:0000000000000736 .LASF107
     /tmp/ccRO1unl.s:2203   .debug_str:00000000000004f7 .LASF108
     /tmp/ccRO1unl.s:2375   .debug_str:0000000000000a37 .LASF109
     /tmp/ccRO1unl.s:2183   .debug_str:000000000000046e .LASF110
     /tmp/ccRO1unl.s:2157   .debug_str:000000000000035e .LASF111
     /tmp/ccRO1unl.s:2381   .debug_str:0000000000000a6e .LASF112
     /tmp/ccRO1unl.s:2155   .debug_str:000000000000034a .LASF113
     /tmp/ccRO1unl.s:2287   .debug_str:000000000000072f .LASF114
     /tmp/ccRO1unl.s:2263   .debug_str:0000000000000684 .LASF115
     /tmp/ccRO1unl.s:2265   .debug_str:0000000000000697 .LASF116
     /tmp/ccRO1unl.s:2101   .debug_str:000000000000012d .LASF117
     /tmp/ccRO1unl.s:2115   .debug_str:00000000000001a2 .LASF118
     /tmp/ccRO1unl.s:2143   .debug_str:00000000000002bf .LASF119
     /tmp/ccRO1unl.s:2317   .debug_str:00000000000008b6 .LASF120
     /tmp/ccRO1unl.s:2111   .debug_str:0000000000000187 .LASF121
     /tmp/ccRO1unl.s:2073   .debug_str:000000000000006d .LASF122
     /tmp/ccRO1unl.s:2255   .debug_str:0000000000000655 .LASF123
GAS LISTING /tmp/ccRO1unl.s 			page 9


     /tmp/ccRO1unl.s:2249   .debug_str:0000000000000632 .LASF124
     /tmp/ccRO1unl.s:2377   .debug_str:0000000000000a4b .LASF125
     /tmp/ccRO1unl.s:2343   .debug_str:0000000000000973 .LASF126
     /tmp/ccRO1unl.s:2363   .debug_str:00000000000009c9 .LASF127
     /tmp/ccRO1unl.s:2099   .debug_str:0000000000000123 .LASF128
     /tmp/ccRO1unl.s:2195   .debug_str:00000000000004a8 .LASF129
     /tmp/ccRO1unl.s:2353   .debug_str:0000000000000991 .LASF130
     /tmp/ccRO1unl.s:2135   .debug_str:0000000000000272 .LASF131
     /tmp/ccRO1unl.s:2345   .debug_str:000000000000097d .LASF132
     /tmp/ccRO1unl.s:2219   .debug_str:0000000000000544 .LASF133
     /tmp/ccRO1unl.s:2347   .debug_str:0000000000000982 .LASF134
     /tmp/ccRO1unl.s:2161   .debug_str:0000000000000384 .LASF135
     /tmp/ccRO1unl.s:2349   .debug_str:0000000000000987 .LASF136
     /tmp/ccRO1unl.s:2365   .debug_str:00000000000009df .LASF137
     /tmp/ccRO1unl.s:2351   .debug_str:000000000000098c .LASF138
     /tmp/ccRO1unl.s:2383   .debug_str:0000000000000a76 .LASF139
     /tmp/ccRO1unl.s:2213   .debug_str:0000000000000528 .LASF140
     /tmp/ccRO1unl.s:2193   .debug_str:0000000000000497 .LASF141
     /tmp/ccRO1unl.s:2267   .debug_str:000000000000069e .LASF142
     /tmp/ccRO1unl.s:2121   .debug_str:00000000000001da .LASF143
     /tmp/ccRO1unl.s:2151   .debug_str:0000000000000319 .LASF144
     /tmp/ccRO1unl.s:2331   .debug_str:0000000000000917 .LASF145
     /tmp/ccRO1unl.s:2229   .debug_str:0000000000000597 .LASF146
     /tmp/ccRO1unl.s:2163   .debug_str:0000000000000395 .LASF147
     /tmp/ccRO1unl.s:2273   .debug_str:00000000000006c8 .LASF148
     /tmp/ccRO1unl.s:2275   .debug_str:00000000000006d3 .LASF149
     /tmp/ccRO1unl.s:10     .text:0000000000000000 .LFB46
     /tmp/ccRO1unl.s:70     .text:0000000000000060 .LFE46
     /tmp/ccRO1unl.s:2077   .debug_str:0000000000000082 .LASF150
     /tmp/ccRO1unl.s:26     .text:0000000000000018 .LBB4
     /tmp/ccRO1unl.s:38     .text:000000000000001c .LBE4
     /tmp/ccRO1unl.s:42     .text:0000000000000024 .LVL2
     /tmp/ccRO1unl.s:46     .text:000000000000002c .LVL3
     /tmp/ccRO1unl.s:54     .text:0000000000000040 .LVL4
     /tmp/ccRO1unl.s:2185   .debug_str:0000000000000476 .LASF163
     /tmp/ccRO1unl.s:80     .debug_info:0000000000000000 .Ldebug_info0

UNDEFINED SYMBOLS
_ZN5Riscv14supervisorTrapEv
_ZN15MemoryAllocator10initMemoryEv
_ZN9Scheduler4initEv
_ZN3TCB12createThreadEPPS_PFvPvES2_
_ZN3TCB7runningE
