GAS LISTING /tmp/cc2ENM2a.s 			page 1


   1              		.file	"print.cpp"
   2              		.option pic
   3              		.option norelax
   4              		.text
   5              	.Ltext0:
   6              		.align	2
   7              		.globl	_Z12print_stringPKc
   9              	_Z12print_stringPKc:
  10              	.LFB46:
  11              		.file 1 "src/print.cpp"
   1:src/print.cpp **** 
   2:src/print.cpp **** #include "../h/print.hpp"
   3:src/print.cpp **** #include "../h/riscv.hpp"
   4:src/print.cpp **** #include "../lib/console.h"
   5:src/print.cpp **** #include "../h/syscall_cpp.hpp"
   6:src/print.cpp **** 
   7:src/print.cpp **** void print_string(char const *string)
   8:src/print.cpp **** {
  12              		.loc 1 8 1
  13              		.cfi_startproc
  14              	.LVL0:
  15 0000 130101FE 		addi	sp,sp,-32
  16              		.cfi_def_cfa_offset 32
  17 0004 233C1100 		sd	ra,24(sp)
  18 0008 23388100 		sd	s0,16(sp)
  19 000c 23349100 		sd	s1,8(sp)
  20              		.cfi_offset 1, -8
  21              		.cfi_offset 8, -16
  22              		.cfi_offset 9, -24
  23 0010 13040102 		addi	s0,sp,32
  24              		.cfi_def_cfa 8, 0
  25 0014 93040500 		mv	s1,a0
  26              	.LVL1:
  27              	.L3:
   9:src/print.cpp ****     while (*string != '\0')
  28              		.loc 1 9 5
  29              		.loc 1 9 20
  30              		.loc 1 9 12 is_stmt 0
  31 0018 03C50400 		lbu	a0,0(s1)
  32              		.loc 1 9 20
  33 001c 630A0500 		beqz	a0,.L1
  10:src/print.cpp ****     {
  11:src/print.cpp ****         Console::putc(*string);
  34              		.loc 1 11 9 is_stmt 1
  35              		.loc 1 11 22 is_stmt 0
  36 0020 97000000 		call	_ZN7Console4putcEc@plt
  36      E7800000 
  37              	.LVL2:
  12:src/print.cpp ****         string++;
  38              		.loc 1 12 9 is_stmt 1
  39              		.loc 1 12 15 is_stmt 0
  40 0028 93841400 		addi	s1,s1,1
  41              	.LVL3:
   9:src/print.cpp ****     while (*string != '\0')
  42              		.loc 1 9 5
  43 002c 6FF0DFFE 		j	.L3
  44              	.L1:
GAS LISTING /tmp/cc2ENM2a.s 			page 2


  13:src/print.cpp ****     }
  14:src/print.cpp **** }
  45              		.loc 1 14 1
  46 0030 83308101 		ld	ra,24(sp)
  47              		.cfi_restore 1
  48 0034 03340101 		ld	s0,16(sp)
  49              		.cfi_restore 8
  50              		.cfi_def_cfa 2, 32
  51 0038 83348100 		ld	s1,8(sp)
  52              		.cfi_restore 9
  53              	.LVL4:
  54 003c 13010102 		addi	sp,sp,32
  55              		.cfi_def_cfa_offset 0
  56 0040 67800000 		jr	ra
  57              		.cfi_endproc
  58              	.LFE46:
  60              		.align	2
  61              		.globl	_Z13print_integerm
  63              	_Z13print_integerm:
  64              	.LFB47:
  15:src/print.cpp **** 
  16:src/print.cpp **** void print_integer(uint64 integer)
  17:src/print.cpp **** {
  65              		.loc 1 17 1 is_stmt 1
  66              		.cfi_startproc
  67              	.LVL5:
  68 0044 130101FD 		addi	sp,sp,-48
  69              		.cfi_def_cfa_offset 48
  70 0048 23341102 		sd	ra,40(sp)
  71 004c 23308102 		sd	s0,32(sp)
  72 0050 233C9100 		sd	s1,24(sp)
  73              		.cfi_offset 1, -8
  74              		.cfi_offset 8, -16
  75              		.cfi_offset 9, -24
  76 0054 13040103 		addi	s0,sp,48
  77              		.cfi_def_cfa 8, 0
  18:src/print.cpp **** 
  19:src/print.cpp ****     static char digits[] = "0123456789";
  78              		.loc 1 19 5
  20:src/print.cpp ****     char buf[16];
  79              		.loc 1 20 5
  21:src/print.cpp ****     int i, neg;
  80              		.loc 1 21 5
  22:src/print.cpp ****     uint x;
  81              		.loc 1 22 5
  23:src/print.cpp **** 
  24:src/print.cpp ****     neg = 0;
  82              		.loc 1 24 5
  83              	.LVL6:
  25:src/print.cpp ****     if (integer < 0)
  84              		.loc 1 25 5
  26:src/print.cpp ****     {
  27:src/print.cpp ****         neg = 1;
  28:src/print.cpp ****         x = -integer;
  29:src/print.cpp ****     } else
  30:src/print.cpp ****     {
  31:src/print.cpp ****         x = integer;
GAS LISTING /tmp/cc2ENM2a.s 			page 3


  85              		.loc 1 31 9
  86              		.loc 1 31 11 is_stmt 0
  87 0058 1B050500 		sext.w	a0,a0
  88              	.LVL7:
  32:src/print.cpp ****     }
  33:src/print.cpp **** 
  34:src/print.cpp ****     i = 0;
  89              		.loc 1 34 5 is_stmt 1
  90              		.loc 1 34 7 is_stmt 0
  91 005c 93040000 		li	s1,0
  92              	.LVL8:
  93              	.L6:
  35:src/print.cpp ****     do
  94              		.loc 1 35 5 is_stmt 1
  36:src/print.cpp ****     {
  37:src/print.cpp ****         buf[i++] = digits[x % 10];
  95              		.loc 1 37 9
  96              		.loc 1 37 29 is_stmt 0
  97 0060 1306A000 		li	a2,10
  98 0064 3B77C502 		remuw	a4,a0,a2
  99              	.LVL9:
 100              		.loc 1 37 33
 101 0068 93160702 		slli	a3,a4,32
 102 006c 93D60602 		srli	a3,a3,32
 103 0070 17070000 		lla	a4,.LANCHOR0
 103      13070700 
 104 0078 3307D700 		add	a4,a4,a3
 105 007c 03470700 		lbu	a4,0(a4)
 106              		.loc 1 37 18
 107 0080 930604FE 		addi	a3,s0,-32
 108 0084 B3879600 		add	a5,a3,s1
 109 0088 9B841400 		addiw	s1,s1,1
 110              	.LVL10:
 111 008c 2388E7FE 		sb	a4,-16(a5)
  38:src/print.cpp ****     } while ((x /= 10) != 0);
 112              		.loc 1 38 24 is_stmt 1
 113 0090 1B070500 		sext.w	a4,a0
 114              		.loc 1 38 17 is_stmt 0
 115 0094 3B55C502 		divuw	a0,a0,a2
 116              	.LVL11:
 117              		.loc 1 38 24
 118 0098 93079000 		li	a5,9
 119 009c E3E2E7FC 		bgtu	a4,a5,.L6
 120              	.LVL12:
 121              	.L8:
  39:src/print.cpp ****     if (neg)
  40:src/print.cpp ****         buf[i++] = '-';
  41:src/print.cpp **** 
  42:src/print.cpp ****     while (--i >= 0) { Console::putc(buf[i]); }
 122              		.loc 1 42 5 is_stmt 1
 123              		.loc 1 42 16
 124 00a0 9B84F4FF 		addiw	s1,s1,-1
 125              	.LVL13:
 126 00a4 63CE0400 		bltz	s1,.L5
 127              		.loc 1 42 24 discriminator 1
 128              		.loc 1 42 37 is_stmt 0 discriminator 1
 129 00a8 930704FE 		addi	a5,s0,-32
GAS LISTING /tmp/cc2ENM2a.s 			page 4


 130 00ac B3879700 		add	a5,a5,s1
 131 00b0 03C507FF 		lbu	a0,-16(a5)
 132 00b4 97000000 		call	_ZN7Console4putcEc@plt
 132      E7800000 
 133              	.LVL14:
 134 00bc 6FF05FFE 		j	.L8
 135              	.L5:
  43:src/print.cpp **** }...
 136              		.loc 1 43 1
 137 00c0 83308102 		ld	ra,40(sp)
 138              		.cfi_restore 1
 139 00c4 03340102 		ld	s0,32(sp)
 140              		.cfi_restore 8
 141              		.cfi_def_cfa 2, 48
 142 00c8 83348101 		ld	s1,24(sp)
 143              		.cfi_restore 9
 144 00cc 13010103 		addi	sp,sp,48
 145              		.cfi_def_cfa_offset 0
 146 00d0 67800000 		jr	ra
 147              		.cfi_endproc
 148              	.LFE47:
 150              		.section	.rodata
 151              		.align	3
 152              		.set	.LANCHOR0,. + 0
 155              	_ZZ13print_integermE6digits:
 156 0000 30313233 		.string	"0123456789"
 156      34353637 
 156      383900
 157              		.text
 158              	.Letext0:
 159              		.file 2 "src/../h/../lib/hw.h"
 160              		.file 3 "src/../h/syscall_cpp.hpp"
GAS LISTING /tmp/cc2ENM2a.s 			page 5


DEFINED SYMBOLS
                            *ABS*:0000000000000000 print.cpp
     /tmp/cc2ENM2a.s:9      .text:0000000000000000 _Z12print_stringPKc
     /tmp/cc2ENM2a.s:13     .text:0000000000000000 .L0 
     /tmp/cc2ENM2a.s:15     .text:0000000000000000 .L0 
     /tmp/cc2ENM2a.s:16     .text:0000000000000004 .L0 
     /tmp/cc2ENM2a.s:20     .text:0000000000000010 .L0 
     /tmp/cc2ENM2a.s:21     .text:0000000000000010 .L0 
     /tmp/cc2ENM2a.s:22     .text:0000000000000010 .L0 
     /tmp/cc2ENM2a.s:24     .text:0000000000000014 .L0 
     /tmp/cc2ENM2a.s:29     .text:0000000000000018 .L0 
     /tmp/cc2ENM2a.s:30     .text:0000000000000018 .L0 
     /tmp/cc2ENM2a.s:31     .text:0000000000000018 .L0 
     /tmp/cc2ENM2a.s:33     .text:000000000000001c .L0 
     /tmp/cc2ENM2a.s:35     .text:0000000000000020 .L0 
     /tmp/cc2ENM2a.s:36     .text:0000000000000020 .L0 
     /tmp/cc2ENM2a.s:39     .text:0000000000000028 .L0 
     /tmp/cc2ENM2a.s:40     .text:0000000000000028 .L0 
     /tmp/cc2ENM2a.s:43     .text:000000000000002c .L0 
     /tmp/cc2ENM2a.s:46     .text:0000000000000030 .L0 
     /tmp/cc2ENM2a.s:47     .text:0000000000000034 .L0 
     /tmp/cc2ENM2a.s:49     .text:0000000000000038 .L0 
     /tmp/cc2ENM2a.s:50     .text:0000000000000038 .L0 
     /tmp/cc2ENM2a.s:52     .text:000000000000003c .L0 
     /tmp/cc2ENM2a.s:55     .text:0000000000000040 .L0 
     /tmp/cc2ENM2a.s:57     .text:0000000000000044 .L0 
     /tmp/cc2ENM2a.s:63     .text:0000000000000044 _Z13print_integerm
     /tmp/cc2ENM2a.s:66     .text:0000000000000044 .L0 
     /tmp/cc2ENM2a.s:68     .text:0000000000000044 .L0 
     /tmp/cc2ENM2a.s:69     .text:0000000000000048 .L0 
     /tmp/cc2ENM2a.s:73     .text:0000000000000054 .L0 
     /tmp/cc2ENM2a.s:74     .text:0000000000000054 .L0 
     /tmp/cc2ENM2a.s:75     .text:0000000000000054 .L0 
     /tmp/cc2ENM2a.s:77     .text:0000000000000058 .L0 
     /tmp/cc2ENM2a.s:79     .text:0000000000000058 .L0 
     /tmp/cc2ENM2a.s:80     .text:0000000000000058 .L0 
     /tmp/cc2ENM2a.s:81     .text:0000000000000058 .L0 
     /tmp/cc2ENM2a.s:82     .text:0000000000000058 .L0 
     /tmp/cc2ENM2a.s:84     .text:0000000000000058 .L0 
     /tmp/cc2ENM2a.s:85     .text:0000000000000058 .L0 
     /tmp/cc2ENM2a.s:86     .text:0000000000000058 .L0 
     /tmp/cc2ENM2a.s:87     .text:0000000000000058 .L0 
     /tmp/cc2ENM2a.s:90     .text:000000000000005c .L0 
     /tmp/cc2ENM2a.s:91     .text:000000000000005c .L0 
     /tmp/cc2ENM2a.s:95     .text:0000000000000060 .L0 
     /tmp/cc2ENM2a.s:96     .text:0000000000000060 .L0 
     /tmp/cc2ENM2a.s:97     .text:0000000000000060 .L0 
     /tmp/cc2ENM2a.s:101    .text:0000000000000068 .L0 
     /tmp/cc2ENM2a.s:107    .text:0000000000000080 .L0 
     /tmp/cc2ENM2a.s:113    .text:0000000000000090 .L0 
     /tmp/cc2ENM2a.s:115    .text:0000000000000094 .L0 
     /tmp/cc2ENM2a.s:118    .text:0000000000000098 .L0 
     /tmp/cc2ENM2a.s:123    .text:00000000000000a0 .L0 
     /tmp/cc2ENM2a.s:124    .text:00000000000000a0 .L0 
     /tmp/cc2ENM2a.s:128    .text:00000000000000a8 .L0 
     /tmp/cc2ENM2a.s:129    .text:00000000000000a8 .L0 
     /tmp/cc2ENM2a.s:137    .text:00000000000000c0 .L0 
GAS LISTING /tmp/cc2ENM2a.s 			page 6


     /tmp/cc2ENM2a.s:138    .text:00000000000000c4 .L0 
     /tmp/cc2ENM2a.s:140    .text:00000000000000c8 .L0 
     /tmp/cc2ENM2a.s:141    .text:00000000000000c8 .L0 
     /tmp/cc2ENM2a.s:143    .text:00000000000000cc .L0 
     /tmp/cc2ENM2a.s:145    .text:00000000000000d0 .L0 
     /tmp/cc2ENM2a.s:147    .text:00000000000000d4 .L0 
     /tmp/cc2ENM2a.s:152    .rodata:0000000000000000 .LANCHOR0
     /tmp/cc2ENM2a.s:155    .rodata:0000000000000000 _ZZ13print_integermE6digits
     /tmp/cc2ENM2a.s:161    .text:00000000000000d4 .L0 
     /tmp/cc2ENM2a.s:103    .text:0000000000000070 .L0 
     /tmp/cc2ENM2a.s:44     .text:0000000000000030 .L1
     /tmp/cc2ENM2a.s:27     .text:0000000000000018 .L3
     /tmp/cc2ENM2a.s:93     .text:0000000000000060 .L6
     /tmp/cc2ENM2a.s:135    .text:00000000000000c0 .L5
     /tmp/cc2ENM2a.s:121    .text:00000000000000a0 .L8
     /tmp/cc2ENM2a.s:446    .debug_abbrev:0000000000000000 .Ldebug_abbrev0
     /tmp/cc2ENM2a.s:927    .debug_str:00000000000000ec .LASF27
     /tmp/cc2ENM2a.s:903    .debug_str:0000000000000043 .LASF28
     /tmp/cc2ENM2a.s:943    .debug_str:0000000000000205 .LASF29
     /tmp/cc2ENM2a.s:5      .text:0000000000000000 .Ltext0
     /tmp/cc2ENM2a.s:158    .text:00000000000000d4 .Letext0
     /tmp/cc2ENM2a.s:887    .debug_line:0000000000000000 .Ldebug_line0
     /tmp/cc2ENM2a.s:931    .debug_str:00000000000001b5 .LASF0
     /tmp/cc2ENM2a.s:929    .debug_str:00000000000001b0 .LASF3
     /tmp/cc2ENM2a.s:921    .debug_str:00000000000000bb .LASF1
     /tmp/cc2ENM2a.s:913    .debug_str:0000000000000087 .LASF2
     /tmp/cc2ENM2a.s:897    .debug_str:0000000000000032 .LASF4
     /tmp/cc2ENM2a.s:925    .debug_str:00000000000000da .LASF5
     /tmp/cc2ENM2a.s:893    .debug_str:0000000000000015 .LASF6
     /tmp/cc2ENM2a.s:955    .debug_str:0000000000000283 .LASF7
     /tmp/cc2ENM2a.s:909    .debug_str:0000000000000065 .LASF8
     /tmp/cc2ENM2a.s:935    .debug_str:00000000000001c7 .LASF9
     /tmp/cc2ENM2a.s:917    .debug_str:000000000000009a .LASF10
     /tmp/cc2ENM2a.s:957    .debug_str:0000000000000296 .LASF11
     /tmp/cc2ENM2a.s:911    .debug_str:0000000000000078 .LASF12
     /tmp/cc2ENM2a.s:953    .debug_str:0000000000000273 .LASF13
     /tmp/cc2ENM2a.s:939    .debug_str:00000000000001ed .LASF14
     /tmp/cc2ENM2a.s:923    .debug_str:00000000000000ce .LASF15
     /tmp/cc2ENM2a.s:895    .debug_str:000000000000001c .LASF16
     /tmp/cc2ENM2a.s:937    .debug_str:00000000000001d7 .LASF17
     /tmp/cc2ENM2a.s:899    .debug_str:0000000000000039 .LASF18
     /tmp/cc2ENM2a.s:941    .debug_str:00000000000001fd .LASF30
     /tmp/cc2ENM2a.s:915    .debug_str:0000000000000095 .LASF31
     /tmp/cc2ENM2a.s:947    .debug_str:0000000000000245 .LASF32
     /tmp/cc2ENM2a.s:901    .debug_str:000000000000003e .LASF33
     /tmp/cc2ENM2a.s:919    .debug_str:00000000000000a8 .LASF34
     /tmp/cc2ENM2a.s:933    .debug_str:00000000000001c2 .LASF19
     /tmp/cc2ENM2a.s:889    .debug_str:0000000000000000 .LASF21
     /tmp/cc2ENM2a.s:949    .debug_str:0000000000000258 .LASF23
     /tmp/cc2ENM2a.s:64     .text:0000000000000044 .LFB47
     /tmp/cc2ENM2a.s:148    .text:00000000000000d4 .LFE47
     /tmp/cc2ENM2a.s:951    .debug_str:000000000000026b .LASF25
     /tmp/cc2ENM2a.s:805    .debug_loc:0000000000000000 .LLST1
     /tmp/cc2ENM2a.s:891    .debug_str:000000000000000e .LASF20
     /tmp/cc2ENM2a.s:819    .debug_loc:0000000000000039 .LLST2
     /tmp/cc2ENM2a.s:841    .debug_loc:0000000000000098 .LLST3
     /tmp/cc2ENM2a.s:133    .text:00000000000000bc .LVL14
GAS LISTING /tmp/cc2ENM2a.s 			page 7


     /tmp/cc2ENM2a.s:907    .debug_str:0000000000000058 .LASF22
     /tmp/cc2ENM2a.s:945    .debug_str:0000000000000231 .LASF24
     /tmp/cc2ENM2a.s:10     .text:0000000000000000 .LFB46
     /tmp/cc2ENM2a.s:58     .text:0000000000000044 .LFE46
     /tmp/cc2ENM2a.s:905    .debug_str:0000000000000051 .LASF26
     /tmp/cc2ENM2a.s:863    .debug_loc:00000000000000d9 .LLST0
     /tmp/cc2ENM2a.s:37     .text:0000000000000028 .LVL2
     /tmp/cc2ENM2a.s:67     .text:0000000000000044 .LVL5
     /tmp/cc2ENM2a.s:88     .text:000000000000005c .LVL7
     /tmp/cc2ENM2a.s:92     .text:0000000000000060 .LVL8
     /tmp/cc2ENM2a.s:99     .text:0000000000000068 .LVL9
     /tmp/cc2ENM2a.s:110    .text:000000000000008c .LVL10
     /tmp/cc2ENM2a.s:120    .text:00000000000000a0 .LVL12
     /tmp/cc2ENM2a.s:125    .text:00000000000000a4 .LVL13
     /tmp/cc2ENM2a.s:116    .text:0000000000000098 .LVL11
     /tmp/cc2ENM2a.s:14     .text:0000000000000000 .LVL0
     /tmp/cc2ENM2a.s:26     .text:0000000000000018 .LVL1
     /tmp/cc2ENM2a.s:53     .text:000000000000003c .LVL4
     /tmp/cc2ENM2a.s:162    .debug_info:0000000000000000 .Ldebug_info0

UNDEFINED SYMBOLS
_ZN7Console4putcEc
