GAS LISTING /tmp/ccob6SeJ.s 			page 1


   1              		.file	"tcb.cpp"
   2              		.option pic
   3              		.option norelax
   4              		.text
   5              	.Ltext0:
   6              		.align	2
   7              		.globl	_ZN3TCB12createThreadEPPS_PFvPvES2_
   9              	_ZN3TCB12createThreadEPPS_PFvPvES2_:
  10              	.LFB46:
  11              		.file 1 "src/tcb.cpp"
   1:src/tcb.cpp   **** 
   2:src/tcb.cpp   **** 
   3:src/tcb.cpp   **** #include "../h/tcb.hpp"
   4:src/tcb.cpp   **** #include "../h/riscv.hpp"
   5:src/tcb.cpp   **** #include "../h/print.hpp"
   6:src/tcb.cpp   **** #include "../h/syscall_c.h"
   7:src/tcb.cpp   **** 
   8:src/tcb.cpp   **** TCB *TCB::running = nullptr;
   9:src/tcb.cpp   **** int TCB::id = 1;
  10:src/tcb.cpp   **** uint64 TCB::timeSliceCounter = 0;
  11:src/tcb.cpp   **** 
  12:src/tcb.cpp   **** int TCB::createThread(thread_t* handle, Body body, void *arg)
  13:src/tcb.cpp   **** {   *handle = new TCB(body,arg, TIME_SLICE);
  12              		.loc 1 13 1
  13              		.cfi_startproc
  14              		.cfi_personality 0x9b,DW.ref.__gxx_personality_v0
  15              		.cfi_lsda 0x1b,.LLSDA46
  16              	.LVL0:
  17 0000 130101FD 		addi	sp,sp,-48
  18              		.cfi_def_cfa_offset 48
  19 0004 23341102 		sd	ra,40(sp)
  20 0008 23308102 		sd	s0,32(sp)
  21 000c 233C9100 		sd	s1,24(sp)
  22 0010 23382101 		sd	s2,16(sp)
  23 0014 23343101 		sd	s3,8(sp)
  24 0018 23304101 		sd	s4,0(sp)
  25              		.cfi_offset 1, -8
  26              		.cfi_offset 8, -16
  27              		.cfi_offset 9, -24
  28              		.cfi_offset 18, -32
  29              		.cfi_offset 19, -40
  30              		.cfi_offset 20, -48
  31 001c 13040103 		addi	s0,sp,48
  32              		.cfi_def_cfa 8, 0
  33 0020 93090500 		mv	s3,a0
  34 0024 13890500 		mv	s2,a1
  35 0028 130A0600 		mv	s4,a2
  36              		.loc 1 13 5
  37              		.loc 1 13 43 is_stmt 0
  38 002c 13050005 		li	a0,80
  39              	.LVL1:
  40              	.LEHB0:
  41 0030 97000000 		call	_Znwm@plt
  41      E7800000 
  42              	.LVL2:
  43              	.LEHE0:
  44 0038 93040500 		mv	s1,a0
GAS LISTING /tmp/ccob6SeJ.s 			page 2


  45              	.LVL3:
  46              	.LBB49:
  47              	.LBB50:
  48              		.file 2 "src/../h/tcb.hpp"
   1:src/../h/tcb.hpp **** 
   2:src/../h/tcb.hpp **** #ifndef PROJ_SYSCALL_C_HPP
   3:src/../h/tcb.hpp **** #define PROJ_SYSCALL_C_HPP
   4:src/../h/tcb.hpp **** 
   5:src/../h/tcb.hpp **** #include "../lib/hw.h"
   6:src/../h/tcb.hpp **** #include "../h/scheduler.hpp"
   7:src/../h/tcb.hpp **** #include "../h/syscall_cpp.hpp"
   8:src/../h/tcb.hpp **** #include "../h/syscall_c.h"
   9:src/../h/tcb.hpp **** #include "../h/MemoryAllocator.hpp"
  10:src/../h/tcb.hpp **** // Thread Control Block
  11:src/../h/tcb.hpp **** 
  12:src/../h/tcb.hpp **** typedef TCB *thread_t;
  13:src/../h/tcb.hpp **** 
  14:src/../h/tcb.hpp **** class TCB final
  15:src/../h/tcb.hpp **** {
  16:src/../h/tcb.hpp **** public:
  17:src/../h/tcb.hpp ****     ~TCB() { delete[] stack; }
  18:src/../h/tcb.hpp **** 
  19:src/../h/tcb.hpp ****     bool isFinished() const { return finished; }
  20:src/../h/tcb.hpp **** 
  21:src/../h/tcb.hpp ****     void setFinished(bool value) { finished = value; }
  22:src/../h/tcb.hpp **** 
  23:src/../h/tcb.hpp ****     bool isBlocked() const { return blocked; }
  24:src/../h/tcb.hpp **** 
  25:src/../h/tcb.hpp ****     void setBlocked(bool value) { blocked = value; }
  26:src/../h/tcb.hpp **** 
  27:src/../h/tcb.hpp ****     uint64 getTimeSlice() const { return timeSlice; }
  28:src/../h/tcb.hpp **** 
  29:src/../h/tcb.hpp ****     using Body = void (*)(void*);
  30:src/../h/tcb.hpp **** 
  31:src/../h/tcb.hpp ****     static int createThread(thread_t* handle, Body body,void * arg);
  32:src/../h/tcb.hpp **** 
  33:src/../h/tcb.hpp ****     static int createThreadNotStart(thread_t* handle, Body body,void * arg);
  34:src/../h/tcb.hpp ****     static void exitThread();
  35:src/../h/tcb.hpp ****     static void yield();
  36:src/../h/tcb.hpp ****     static void join(thread_t handle);
  37:src/../h/tcb.hpp **** 
  38:src/../h/tcb.hpp ****     static TCB *running;
  39:src/../h/tcb.hpp ****     static int id;
  40:src/../h/tcb.hpp **** 
  41:src/../h/tcb.hpp ****     static void dispatch();
  42:src/../h/tcb.hpp **** 
  43:src/../h/tcb.hpp **** private:
  44:src/../h/tcb.hpp **** 
  45:src/../h/tcb.hpp ****     TCB(Body body,void * arg, uint64 timeSlice) :
  46:src/../h/tcb.hpp ****             pid(TCB::id++),
  49              		.loc 2 46 24
  50 003c 17070000 		lla	a4,.LANCHOR0
  50      13070700 
  51 0044 83270700 		lw	a5,0(a4)
  52 0048 9B861700 		addiw	a3,a5,1
  53 004c 2320D700 		sw	a3,0(a4)
  47:src/../h/tcb.hpp ****             body(body),
GAS LISTING /tmp/ccob6SeJ.s 			page 3


  48:src/../h/tcb.hpp ****             arg(arg),
  49:src/../h/tcb.hpp ****             stack(body != nullptr ? new uint64[STACK_SIZE] : nullptr),
  50:src/../h/tcb.hpp ****             context({(uint64) &threadWrapper,
  51:src/../h/tcb.hpp ****                      stack != nullptr ? (uint64) &stack[STACK_SIZE] : 0
  52:src/../h/tcb.hpp ****                     }),
  53:src/../h/tcb.hpp ****             timeSlice(timeSlice),
  54:src/../h/tcb.hpp ****             finished(false),
  55:src/../h/tcb.hpp ****             blocked(false)
  54              		.loc 2 55 26
  55 0050 2320F500 		sw	a5,0(a0)
  56 0054 23342501 		sd	s2,8(a0)
  57 0058 23384501 		sd	s4,16(a0)
  49:src/../h/tcb.hpp ****             context({(uint64) &threadWrapper,
  58              		.loc 2 49 35
  59 005c 630A0900 		beqz	s2,.L6
  49:src/../h/tcb.hpp ****             context({(uint64) &threadWrapper,
  60              		.loc 2 49 58
  61 0060 37850000 		li	a0,32768
  62              	.LEHB1:
  63 0064 97000000 		call	_Znam@plt
  63      E7800000 
  64              	.LVL4:
  65              	.LEHE1:
  66 006c 6F008000 		j	.L2
  67              	.L6:
  49:src/../h/tcb.hpp ****             context({(uint64) &threadWrapper,
  68              		.loc 2 49 35
  69 0070 13050000 		li	a0,0
  70              	.L2:
  71              		.loc 2 55 26
  72 0074 23BCA400 		sd	a0,24(s1)
  73 0078 97070000 		lla	a5,_ZN3TCB13threadWrapperEv
  73      93870700 
  74 0080 23B0F402 		sd	a5,32(s1)
  51:src/../h/tcb.hpp ****                     }),
  75              		.loc 2 51 39
  76 0084 63020506 		beqz	a0,.L7
  51:src/../h/tcb.hpp ****                     }),
  77              		.loc 2 51 50
  78 0088 B7870000 		li	a5,32768
  79 008c B307F500 		add	a5,a0,a5
  80              	.L3:
  81              		.loc 2 55 26
  82 0090 23B4F402 		sd	a5,40(s1)
  83 0094 93072000 		li	a5,2
  84 0098 23B8F402 		sd	a5,48(s1)
  85 009c 238C0402 		sb	zero,56(s1)
  86 00a0 A38C0402 		sb	zero,57(s1)
  87              	.LVL5:
  88              	.LBB51:
  89              	.LBB52:
  90              		.file 3 "src/../h/../h/list.hpp"
   1:src/../h/../h/list.hpp **** 
   2:src/../h/../h/list.hpp **** #ifndef LIST_HPP
   3:src/../h/../h/list.hpp **** #define LIST_HPP
   4:src/../h/../h/list.hpp **** 
   5:src/../h/../h/list.hpp **** //#include "../h/syscall_cpp.hpp"
GAS LISTING /tmp/ccob6SeJ.s 			page 4


   6:src/../h/../h/list.hpp **** #include "MemoryAllocator.hpp"
   7:src/../h/../h/list.hpp **** #include "print.hpp"
   8:src/../h/../h/list.hpp **** 
   9:src/../h/../h/list.hpp **** template<typename T>
  10:src/../h/../h/list.hpp **** class List
  11:src/../h/../h/list.hpp **** {
  12:src/../h/../h/list.hpp **** private:
  13:src/../h/../h/list.hpp ****     struct Elem
  14:src/../h/../h/list.hpp ****     {
  15:src/../h/../h/list.hpp ****         T *data;
  16:src/../h/../h/list.hpp ****         Elem *next;
  17:src/../h/../h/list.hpp **** 
  18:src/../h/../h/list.hpp ****         Elem(T *data, Elem *next) : data(data), next(next) {}
  19:src/../h/../h/list.hpp ****         void* operator new(size_t size) {
  20:src/../h/../h/list.hpp ****             return MemoryAllocator::_mem_alloc(size);
  21:src/../h/../h/list.hpp ****         }
  22:src/../h/../h/list.hpp ****         void* operator new[](size_t size) {
  23:src/../h/../h/list.hpp ****             return MemoryAllocator::_mem_alloc(size);
  24:src/../h/../h/list.hpp ****         }
  25:src/../h/../h/list.hpp **** 
  26:src/../h/../h/list.hpp ****         void operator delete(void *ptr) {
  27:src/../h/../h/list.hpp ****             MemoryAllocator::_mem_free(ptr);
  28:src/../h/../h/list.hpp ****         }
  29:src/../h/../h/list.hpp ****         void operator delete[](void *ptr) {
  30:src/../h/../h/list.hpp ****             MemoryAllocator::_mem_free(ptr);
  31:src/../h/../h/list.hpp ****         }
  32:src/../h/../h/list.hpp ****     };
  33:src/../h/../h/list.hpp **** 
  34:src/../h/../h/list.hpp ****     Elem *head, *tail;
  35:src/../h/../h/list.hpp **** 
  36:src/../h/../h/list.hpp **** public:
  37:src/../h/../h/list.hpp ****     List() : head(0), tail(0) {}
  91              		.loc 3 37 29
  92 00a4 23B00404 		sd	zero,64(s1)
  93 00a8 23B40404 		sd	zero,72(s1)
  94              	.LVL6:
  95              	.LBE52:
  96              	.LBE51:
  56:src/../h/tcb.hpp ****     {
  57:src/../h/tcb.hpp ****             if (body != nullptr) { }
  97              		.loc 2 57 13 is_stmt 1
  98              	.LBE50:
  99              	.LBE49:
 100              		.loc 1 13 13 is_stmt 0
 101 00ac 23B09900 		sd	s1,0(s3)
  14:src/tcb.cpp   ****     if (body) {Scheduler::put(*handle); }
 102              		.loc 1 14 5 is_stmt 1
 103 00b0 63080900 		beqz	s2,.L4
 104              		.loc 1 14 16 discriminator 1
 105              		.loc 1 14 30 is_stmt 0 discriminator 1
 106 00b4 13850400 		mv	a0,s1
 107              	.LEHB2:
 108 00b8 97000000 		call	_ZN9Scheduler3putEP3TCB@plt
 108      E7800000 
 109              	.LVL7:
 110              	.L4:
  15:src/tcb.cpp   ****     return (*handle)->pid;
GAS LISTING /tmp/ccob6SeJ.s 			page 5


 111              		.loc 1 15 5 is_stmt 1
 112              		.loc 1 15 13 is_stmt 0
 113 00c0 83B70900 		ld	a5,0(s3)
 114              		.loc 1 15 23
 115 00c4 03A50700 		lw	a0,0(a5)
  16:src/tcb.cpp   **** }
 116              		.loc 1 16 1
 117 00c8 83308102 		ld	ra,40(sp)
 118              		.cfi_remember_state
 119              		.cfi_restore 1
 120 00cc 03340102 		ld	s0,32(sp)
 121              		.cfi_restore 8
 122              		.cfi_def_cfa 2, 48
 123 00d0 83348101 		ld	s1,24(sp)
 124              		.cfi_restore 9
 125 00d4 03390101 		ld	s2,16(sp)
 126              		.cfi_restore 18
 127              	.LVL8:
 128 00d8 83398100 		ld	s3,8(sp)
 129              		.cfi_restore 19
 130              	.LVL9:
 131 00dc 033A0100 		ld	s4,0(sp)
 132              		.cfi_restore 20
 133              	.LVL10:
 134 00e0 13010103 		addi	sp,sp,48
 135              		.cfi_def_cfa_offset 0
 136 00e4 67800000 		jr	ra
 137              	.LVL11:
 138              	.L7:
 139              		.cfi_restore_state
 140              	.LBB54:
 141              	.LBB53:
  51:src/../h/tcb.hpp ****                     }),
 142              		.loc 2 51 39
 143 00e8 93070000 		li	a5,0
 144 00ec 6FF05FFA 		j	.L3
 145              	.L8:
 146 00f0 13090500 		mv	s2,a0
 147              	.LVL12:
 148              	.LBE53:
 149              	.LBE54:
  13:src/tcb.cpp   ****     if (body) {Scheduler::put(*handle); }
 150              		.loc 1 13 43
 151 00f4 13850400 		mv	a0,s1
 152 00f8 97000000 		call	_ZdlPv@plt
 152      E7800000 
 153              	.LVL13:
 154 0100 13050900 		mv	a0,s2
 155 0104 97000000 		call	_Unwind_Resume@plt
 155      E7800000 
 156              	.LVL14:
 157              	.LEHE2:
 158              		.cfi_endproc
 159              	.LFE46:
 160              		.globl	__gxx_personality_v0
 161              		.section	.gcc_except_table,"a",@progbits
 162              	.LLSDA46:
GAS LISTING /tmp/ccob6SeJ.s 			page 6


 163 0000 FF       		.byte	0xff
 164 0001 FF       		.byte	0xff
 165 0002 03       		.byte	0x3
 166 0003 27       		.byte	0x27
 167 0004 00000000 		.4byte	.LEHB0-.LFB46
 168 0008 00000000 		.4byte	.LEHE0-.LEHB0
 169 000c 00000000 		.4byte	0
 170 0010 00       		.byte	0
 171 0011 00000000 		.4byte	.LEHB1-.LFB46
 172 0015 00000000 		.4byte	.LEHE1-.LEHB1
 173 0019 00000000 		.4byte	.L8-.LFB46
 174 001d 00       		.byte	0
 175 001e 00000000 		.4byte	.LEHB2-.LFB46
 176 0022 00000000 		.4byte	.LEHE2-.LEHB2
 177 0026 00000000 		.4byte	0
 178 002a 00       		.byte	0
 179              		.text
 181              		.align	2
 182              		.globl	_ZN3TCB8dispatchEv
 184              	_ZN3TCB8dispatchEv:
 185              	.LFB49:
  17:src/tcb.cpp   **** 
  18:src/tcb.cpp   **** void TCB::exitThread() {
  19:src/tcb.cpp   ****     TCB::running->setFinished(true);
  20:src/tcb.cpp   ****     //delete nit
  21:src/tcb.cpp   ****     unblock();
  22:src/tcb.cpp   ****     TCB::dispatch();
  23:src/tcb.cpp   **** }
  24:src/tcb.cpp   **** 
  25:src/tcb.cpp   **** 
  26:src/tcb.cpp   **** void TCB::yield()
  27:src/tcb.cpp   **** {
  28:src/tcb.cpp   **** 
  29:src/tcb.cpp   ****     Riscv::pushRegisters();
  30:src/tcb.cpp   **** 
  31:src/tcb.cpp   ****     dispatch();
  32:src/tcb.cpp   **** //    __asm__ volatile ("addi a0, zero, 0x15");
  33:src/tcb.cpp   **** //    __asm__ volatile("ecall");
  34:src/tcb.cpp   **** 
  35:src/tcb.cpp   ****     Riscv::popRegisters();
  36:src/tcb.cpp   **** }
  37:src/tcb.cpp   **** 
  38:src/tcb.cpp   **** void TCB::dispatch()
  39:src/tcb.cpp   **** {
 186              		.loc 1 39 1 is_stmt 1
 187              		.cfi_startproc
 188 010c 130101FE 		addi	sp,sp,-32
 189              		.cfi_def_cfa_offset 32
 190 0110 233C1100 		sd	ra,24(sp)
 191 0114 23388100 		sd	s0,16(sp)
 192 0118 23349100 		sd	s1,8(sp)
 193              		.cfi_offset 1, -8
 194              		.cfi_offset 8, -16
 195              		.cfi_offset 9, -24
 196 011c 13040102 		addi	s0,sp,32
 197              		.cfi_def_cfa 8, 0
  40:src/tcb.cpp   ****     TCB *old = running;
GAS LISTING /tmp/ccob6SeJ.s 			page 7


 198              		.loc 1 40 5
 199              		.loc 1 40 10 is_stmt 0
 200 0120 97040000 		ld	s1,.LANCHOR1
 200      83B40400 
 201              	.LVL15:
  41:src/tcb.cpp   ****     if (!old->isFinished() and !old->isBlocked()) {
 202              		.loc 1 41 5 is_stmt 1
 203              	.LBB55:
 204              	.LBB56:
  19:src/../h/tcb.hpp **** 
 205              		.loc 2 19 31
  19:src/../h/tcb.hpp **** 
 206              		.loc 2 19 38 is_stmt 0
 207 0128 83C78403 		lbu	a5,56(s1)
 208              	.LVL16:
 209              	.LBE56:
 210              	.LBE55:
 211              		.loc 1 41 28
 212 012c 63960700 		bnez	a5,.L12
 213              	.LVL17:
 214              	.LBB57:
 215              	.LBB58:
  23:src/../h/tcb.hpp **** 
 216              		.loc 2 23 30 is_stmt 1
  23:src/../h/tcb.hpp **** 
 217              		.loc 2 23 37 is_stmt 0
 218 0130 83C79403 		lbu	a5,57(s1)
 219              	.LVL18:
 220              	.LBE58:
 221              	.LBE57:
 222              		.loc 1 41 28
 223 0134 638C0702 		beqz	a5,.L14
 224              	.L12:
  42:src/tcb.cpp   ****         Scheduler::put(old);
  43:src/tcb.cpp   ****     }
  44:src/tcb.cpp   ****     running = Scheduler::get();
 225              		.loc 1 44 5 is_stmt 1
 226              		.loc 1 44 29 is_stmt 0
 227 0138 97000000 		call	_ZN9Scheduler3getEv@plt
 227      E7800000 
 228              	.LVL19:
 229              		.loc 1 44 13
 230 0140 97070000 		sd	a0,.LANCHOR1,a5
 230      23B0A700 
  45:src/tcb.cpp   **** 
  46:src/tcb.cpp   ****     TCB::contextSwitch(&old->context, &running->context);
 231              		.loc 1 46 5 is_stmt 1
 232              		.loc 1 46 23 is_stmt 0
 233 0148 93050502 		addi	a1,a0,32
 234 014c 13850402 		addi	a0,s1,32
 235 0150 97000000 		call	_ZN3TCB13contextSwitchEPNS_7ContextES1_@plt
 235      E7800000 
 236              	.LVL20:
  47:src/tcb.cpp   ****     if (running) {
 237              		.loc 1 47 5 is_stmt 1
  48:src/tcb.cpp   **** 
  49:src/tcb.cpp   ****     }
GAS LISTING /tmp/ccob6SeJ.s 			page 8


  50:src/tcb.cpp   **** }
 238              		.loc 1 50 1 is_stmt 0
 239 0158 83308101 		ld	ra,24(sp)
 240              		.cfi_remember_state
 241              		.cfi_restore 1
 242 015c 03340101 		ld	s0,16(sp)
 243              		.cfi_restore 8
 244              		.cfi_def_cfa 2, 32
 245 0160 83348100 		ld	s1,8(sp)
 246              		.cfi_restore 9
 247              	.LVL21:
 248 0164 13010102 		addi	sp,sp,32
 249              		.cfi_def_cfa_offset 0
 250 0168 67800000 		jr	ra
 251              	.LVL22:
 252              	.L14:
 253              		.cfi_restore_state
  42:src/tcb.cpp   ****     }
 254              		.loc 1 42 9 is_stmt 1
  42:src/tcb.cpp   ****     }
 255              		.loc 1 42 23 is_stmt 0
 256 016c 13850400 		mv	a0,s1
 257 0170 97000000 		call	_ZN9Scheduler3putEP3TCB@plt
 257      E7800000 
 258              	.LVL23:
 259 0178 6FF01FFC 		j	.L12
 260              		.cfi_endproc
 261              	.LFE49:
 263              		.align	2
 264              		.globl	_ZN3TCB5yieldEv
 266              	_ZN3TCB5yieldEv:
 267              	.LFB48:
  27:src/tcb.cpp   **** 
 268              		.loc 1 27 1 is_stmt 1
 269              		.cfi_startproc
 270 017c 130101FF 		addi	sp,sp,-16
 271              		.cfi_def_cfa_offset 16
 272 0180 23341100 		sd	ra,8(sp)
 273 0184 23308100 		sd	s0,0(sp)
 274              		.cfi_offset 1, -8
 275              		.cfi_offset 8, -16
 276 0188 13040101 		addi	s0,sp,16
 277              		.cfi_def_cfa 8, 0
  29:src/tcb.cpp   **** 
 278              		.loc 1 29 5
  29:src/tcb.cpp   **** 
 279              		.loc 1 29 25 is_stmt 0
 280 018c 97000000 		call	_ZN5Riscv13pushRegistersEv@plt
 280      E7800000 
 281              	.LVL24:
  31:src/tcb.cpp   **** //    __asm__ volatile ("addi a0, zero, 0x15");
 282              		.loc 1 31 5 is_stmt 1
  31:src/tcb.cpp   **** //    __asm__ volatile ("addi a0, zero, 0x15");
 283              		.loc 1 31 13 is_stmt 0
 284 0194 97000000 		call	_ZN3TCB8dispatchEv
 284      E7800000 
 285              	.LVL25:
GAS LISTING /tmp/ccob6SeJ.s 			page 9


  35:src/tcb.cpp   **** }
 286              		.loc 1 35 5 is_stmt 1
  35:src/tcb.cpp   **** }
 287              		.loc 1 35 24 is_stmt 0
 288 019c 97000000 		call	_ZN5Riscv12popRegistersEv@plt
 288      E7800000 
 289              	.LVL26:
  36:src/tcb.cpp   **** 
 290              		.loc 1 36 1
 291 01a4 83308100 		ld	ra,8(sp)
 292              		.cfi_restore 1
 293 01a8 03340100 		ld	s0,0(sp)
 294              		.cfi_restore 8
 295              		.cfi_def_cfa 2, 16
 296 01ac 13010101 		addi	sp,sp,16
 297              		.cfi_def_cfa_offset 0
 298 01b0 67800000 		jr	ra
 299              		.cfi_endproc
 300              	.LFE48:
 302              		.align	2
 303              		.globl	_ZN3TCB4joinEPS_
 305              	_ZN3TCB4joinEPS_:
 306              	.LFB51:
  51:src/tcb.cpp   **** 
  52:src/tcb.cpp   **** void TCB::threadWrapper()
  53:src/tcb.cpp   **** {
  54:src/tcb.cpp   ****     Riscv::popSppSpie();
  55:src/tcb.cpp   ****     running->body(running->arg);
  56:src/tcb.cpp   ****     running->setFinished(true);
  57:src/tcb.cpp   ****     if(running->isFinished()) {
  58:src/tcb.cpp   ****        unblock();
  59:src/tcb.cpp   ****     }
  60:src/tcb.cpp   **** //    TCB::dispatch();
  61:src/tcb.cpp   **** //    thread_dispatch();
  62:src/tcb.cpp   ****     Thread::dispatch();
  63:src/tcb.cpp   **** 
  64:src/tcb.cpp   **** }
  65:src/tcb.cpp   **** 
  66:src/tcb.cpp   **** void TCB::join(thread_t handle)
  67:src/tcb.cpp   **** {
 307              		.loc 1 67 1 is_stmt 1
 308              		.cfi_startproc
 309              	.LVL27:
  68:src/tcb.cpp   ****     if (!handle->isFinished()) {
 310              		.loc 1 68 5
 311              	.LBB59:
 312              	.LBB60:
  19:src/../h/tcb.hpp **** 
 313              		.loc 2 19 31
  19:src/../h/tcb.hpp **** 
 314              		.loc 2 19 38 is_stmt 0
 315 01b4 83478503 		lbu	a5,56(a0)
 316              	.LVL28:
 317              	.LBE60:
 318              	.LBE59:
 319              		.loc 1 68 5
 320 01b8 63840700 		beqz	a5,.L25
GAS LISTING /tmp/ccob6SeJ.s 			page 10


 321 01bc 67800000 		ret
 322              	.L25:
  67:src/tcb.cpp   ****     if (!handle->isFinished()) {
 323              		.loc 1 67 1
 324 01c0 130101FE 		addi	sp,sp,-32
 325              		.cfi_def_cfa_offset 32
 326 01c4 233C1100 		sd	ra,24(sp)
 327 01c8 23388100 		sd	s0,16(sp)
 328 01cc 23349100 		sd	s1,8(sp)
 329 01d0 23302101 		sd	s2,0(sp)
 330              		.cfi_offset 1, -8
 331              		.cfi_offset 8, -16
 332              		.cfi_offset 9, -24
 333              		.cfi_offset 18, -32
 334 01d4 13040102 		addi	s0,sp,32
 335              		.cfi_def_cfa 8, 0
 336 01d8 93040500 		mv	s1,a0
  69:src/tcb.cpp   ****         handle->waitToJoin.addLast(running);
 337              		.loc 1 69 9 is_stmt 1
 338              		.loc 1 69 35 is_stmt 0
 339 01dc 17090000 		ld	s2,.LANCHOR1
 339      03390900 
 340              	.LVL29:
 341              	.LBB61:
 342              	.LBB62:
 343              	.LBB63:
 344              	.LBB64:
  20:src/../h/../h/list.hpp ****         }
 345              		.loc 3 20 47
 346 01e4 13050001 		li	a0,16
 347              	.LVL30:
 348 01e8 97000000 		call	_ZN15MemoryAllocator10_mem_allocEm@plt
 348      E7800000 
 349              	.LVL31:
 350              	.LBE64:
 351              	.LBE63:
 352              	.LBB65:
 353              	.LBB66:
  18:src/../h/../h/list.hpp ****         void* operator new(size_t size) {
 354              		.loc 3 18 58
 355 01f0 23302501 		sd	s2,0(a0)
 356 01f4 23340500 		sd	zero,8(a0)
 357              	.LVL32:
 358              	.LBE66:
 359              	.LBE65:
  38:src/../h/../h/list.hpp **** 
  39:src/../h/../h/list.hpp ****     List(const List<T> &) = delete;
  40:src/../h/../h/list.hpp **** 
  41:src/../h/../h/list.hpp ****     List<T> &operator=(const List<T> &) = delete;
  42:src/../h/../h/list.hpp **** 
  43:src/../h/../h/list.hpp ****     void addFirst(T *data)
  44:src/../h/../h/list.hpp ****     {
  45:src/../h/../h/list.hpp ****         Elem *elem = new Elem(data, head);
  46:src/../h/../h/list.hpp ****         head = elem;
  47:src/../h/../h/list.hpp ****         if (!tail) { tail = head; }
  48:src/../h/../h/list.hpp ****     }
  49:src/../h/../h/list.hpp **** 
GAS LISTING /tmp/ccob6SeJ.s 			page 11


  50:src/../h/../h/list.hpp ****     void addLast(T *data)
  51:src/../h/../h/list.hpp ****     {
  52:src/../h/../h/list.hpp ****         Elem *elem = new Elem(data, 0);
  53:src/../h/../h/list.hpp ****         if (tail)
 360              		.loc 3 53 13
 361 01f8 83B78404 		ld	a5,72(s1)
 362              		.loc 3 53 9
 363 01fc 638E0702 		beqz	a5,.L19
  54:src/../h/../h/list.hpp ****         {
  55:src/../h/../h/list.hpp ****             tail->next = elem;
 364              		.loc 3 55 13
 365 0200 23B4A700 		sd	a0,8(a5)
  56:src/../h/../h/list.hpp ****             tail = elem;
 366              		.loc 3 56 13
 367 0204 23B4A404 		sd	a0,72(s1)
 368              	.L20:
 369              	.LVL33:
 370              	.LBE62:
 371              	.LBE61:
  70:src/tcb.cpp   ****         running->setBlocked(true);
 372              		.loc 1 70 9 is_stmt 1
 373              	.LBB68:
 374              	.LBB69:
  25:src/../h/tcb.hpp **** 
 375              		.loc 2 25 35
  25:src/../h/tcb.hpp **** 
 376              		.loc 2 25 43 is_stmt 0
 377 0208 97070000 		ld	a5,.LANCHOR1
 377      83B70700 
 378 0210 13071000 		li	a4,1
 379 0214 A38CE702 		sb	a4,57(a5)
 380              	.LVL34:
 381              	.LBE69:
 382              	.LBE68:
  71:src/tcb.cpp   ****         TCB::yield();
 383              		.loc 1 71 9 is_stmt 1
 384              		.loc 1 71 19 is_stmt 0
 385 0218 97000000 		call	_ZN3TCB5yieldEv
 385      E7800000 
 386              	.LVL35:
  72:src/tcb.cpp   ****     }
  73:src/tcb.cpp   **** 
  74:src/tcb.cpp   **** }
 387              		.loc 1 74 1
 388 0220 83308101 		ld	ra,24(sp)
 389              		.cfi_remember_state
 390              		.cfi_restore 1
 391 0224 03340101 		ld	s0,16(sp)
 392              		.cfi_restore 8
 393              		.cfi_def_cfa 2, 32
 394 0228 83348100 		ld	s1,8(sp)
 395              		.cfi_restore 9
 396              	.LVL36:
 397 022c 03390100 		ld	s2,0(sp)
 398              		.cfi_restore 18
 399 0230 13010102 		addi	sp,sp,32
 400              		.cfi_def_cfa_offset 0
GAS LISTING /tmp/ccob6SeJ.s 			page 12


 401 0234 67800000 		jr	ra
 402              	.LVL37:
 403              	.L19:
 404              		.cfi_restore_state
 405              	.LBB70:
 406              	.LBB67:
  57:src/../h/../h/list.hpp ****         } else
  58:src/../h/../h/list.hpp ****         {
  59:src/../h/../h/list.hpp ****             head = tail = elem;
 407              		.loc 3 59 13
 408 0238 23B4A404 		sd	a0,72(s1)
 409 023c 23B0A404 		sd	a0,64(s1)
 410 0240 6FF09FFC 		j	.L20
 411              	.LBE67:
 412              	.LBE70:
 413              		.cfi_endproc
 414              	.LFE51:
 416              		.align	2
 417              		.globl	_ZN3TCB7unblockEv
 419              	_ZN3TCB7unblockEv:
 420              	.LFB52:
  75:src/tcb.cpp   **** 
  76:src/tcb.cpp   **** void TCB::unblock()
  77:src/tcb.cpp   **** {
 421              		.loc 1 77 1 is_stmt 1
 422              		.cfi_startproc
  78:src/tcb.cpp   ****     while(running->waitToJoin.peekFirst()) {
 423              		.loc 1 78 5
 424              		.loc 1 78 41
 425              		.loc 1 78 20 is_stmt 0
 426 0244 97070000 		ld	a5,.LANCHOR1
 426      83B70700 
 427              	.LVL38:
 428              	.LBB71:
 429              	.LBB72:
  60:src/../h/../h/list.hpp ****         }
  61:src/../h/../h/list.hpp ****     }
  62:src/../h/../h/list.hpp **** 
  63:src/../h/../h/list.hpp ****     T *removeFirst()
  64:src/../h/../h/list.hpp ****     {
  65:src/../h/../h/list.hpp ****         if (!head) { return 0; }
  66:src/../h/../h/list.hpp **** 
  67:src/../h/../h/list.hpp ****         Elem *elem = head;
  68:src/../h/../h/list.hpp ****         head = head->next;
  69:src/../h/../h/list.hpp ****         if (!head) { tail = 0; }
  70:src/../h/../h/list.hpp **** 
  71:src/../h/../h/list.hpp ****         T *ret = elem->data;
  72:src/../h/../h/list.hpp ****         delete elem;
  73:src/../h/../h/list.hpp ****         return ret;
  74:src/../h/../h/list.hpp ****     }
  75:src/../h/../h/list.hpp **** 
  76:src/../h/../h/list.hpp ****     T *peekFirst()
  77:src/../h/../h/list.hpp ****     {
  78:src/../h/../h/list.hpp ****         if (!head) { return 0; }
 430              		.loc 3 78 14
 431 024c 03B50704 		ld	a0,64(a5)
 432              		.loc 3 78 9
GAS LISTING /tmp/ccob6SeJ.s 			page 13


 433 0250 63000508 		beqz	a0,.L31
  79:src/../h/../h/list.hpp ****         return head->data;
 434              		.loc 3 79 22
 435 0254 03370500 		ld	a4,0(a0)
 436              	.LVL39:
 437              	.LBE72:
 438              	.LBE71:
 439              		.loc 1 78 41
 440 0258 630C0706 		beqz	a4,.L31
  77:src/tcb.cpp   ****     while(running->waitToJoin.peekFirst()) {
 441              		.loc 1 77 1
 442 025c 130101FE 		addi	sp,sp,-32
 443              		.cfi_def_cfa_offset 32
 444 0260 233C1100 		sd	ra,24(sp)
 445 0264 23388100 		sd	s0,16(sp)
 446 0268 23349100 		sd	s1,8(sp)
 447              		.cfi_offset 1, -8
 448              		.cfi_offset 8, -16
 449              		.cfi_offset 9, -24
 450 026c 13040102 		addi	s0,sp,32
 451              		.cfi_def_cfa 8, 0
 452 0270 6F00C003 		j	.L33
 453              	.LVL40:
 454              	.L36:
 455              	.LBB74:
 456              	.LBB75:
 457              	.LBB76:
  69:src/../h/../h/list.hpp **** 
 458              		.loc 3 69 22
 459 0274 23B40704 		sd	zero,72(a5)
 460              	.L28:
  71:src/../h/../h/list.hpp ****         delete elem;
 461              		.loc 3 71 12
 462 0278 83340500 		ld	s1,0(a0)
 463              	.LVL41:
 464              	.LBB77:
 465              	.LBB78:
  27:src/../h/../h/list.hpp ****         }
 466              		.loc 3 27 39
 467 027c 97000000 		call	_ZN15MemoryAllocator9_mem_freeEPv@plt
 467      E7800000 
 468              	.LVL42:
 469              	.LBE78:
 470              	.LBE77:
 471              	.LBE76:
 472              	.LBE75:
  79:src/tcb.cpp   ****         thread_t notBlocked = running->waitToJoin.removeFirst();
  80:src/tcb.cpp   ****         notBlocked->setBlocked(false);
 473              		.loc 1 80 9 is_stmt 1
 474              	.LBB80:
 475              	.LBB81:
  25:src/../h/tcb.hpp **** 
 476              		.loc 2 25 35
  25:src/../h/tcb.hpp **** 
 477              		.loc 2 25 43 is_stmt 0
 478 0284 A38C0402 		sb	zero,57(s1)
 479              	.LVL43:
GAS LISTING /tmp/ccob6SeJ.s 			page 14


 480              	.LBE81:
 481              	.LBE80:
  81:src/tcb.cpp   ****         Scheduler::put(notBlocked);
 482              		.loc 1 81 9 is_stmt 1
 483              		.loc 1 81 23 is_stmt 0
 484 0288 13850400 		mv	a0,s1
 485 028c 97000000 		call	_ZN9Scheduler3putEP3TCB@plt
 485      E7800000 
 486              	.LVL44:
 487              	.LBE74:
  78:src/tcb.cpp   ****         thread_t notBlocked = running->waitToJoin.removeFirst();
 488              		.loc 1 78 5 is_stmt 1
  78:src/tcb.cpp   ****         thread_t notBlocked = running->waitToJoin.removeFirst();
 489              		.loc 1 78 41
  78:src/tcb.cpp   ****         thread_t notBlocked = running->waitToJoin.removeFirst();
 490              		.loc 1 78 20 is_stmt 0
 491 0294 97070000 		ld	a5,.LANCHOR1
 491      83B70700 
 492              	.LVL45:
 493              	.LBB83:
 494              	.LBB73:
  78:src/../h/../h/list.hpp ****         return head->data;
 495              		.loc 3 78 14
 496 029c 03B50704 		ld	a0,64(a5)
  78:src/../h/../h/list.hpp ****         return head->data;
 497              		.loc 3 78 9
 498 02a0 630E0500 		beqz	a0,.L26
 499              		.loc 3 79 22
 500 02a4 03370500 		ld	a4,0(a0)
 501              	.LVL46:
 502              	.LBE73:
 503              	.LBE83:
  78:src/tcb.cpp   ****         thread_t notBlocked = running->waitToJoin.removeFirst();
 504              		.loc 1 78 41
 505 02a8 630A0700 		beqz	a4,.L26
 506              	.LVL47:
 507              	.L33:
 508              	.LBB84:
  79:src/tcb.cpp   ****         notBlocked->setBlocked(false);
 509              		.loc 1 79 9 is_stmt 1
 510              	.LBB82:
 511              	.LBB79:
  68:src/../h/../h/list.hpp ****         if (!head) { tail = 0; }
 512              		.loc 3 68 22 is_stmt 0
 513 02ac 03378500 		ld	a4,8(a0)
  68:src/../h/../h/list.hpp ****         if (!head) { tail = 0; }
 514              		.loc 3 68 9
 515 02b0 23B0E704 		sd	a4,64(a5)
  69:src/../h/../h/list.hpp **** 
 516              		.loc 3 69 9
 517 02b4 E31207FC 		bnez	a4,.L28
 518 02b8 6FF0DFFB 		j	.L36
 519              	.LVL48:
 520              	.L26:
 521              	.LBE79:
 522              	.LBE82:
 523              	.LBE84:
GAS LISTING /tmp/ccob6SeJ.s 			page 15


  82:src/tcb.cpp   ****     }
  83:src/tcb.cpp   **** }
 524              		.loc 1 83 1
 525 02bc 83308101 		ld	ra,24(sp)
 526              		.cfi_restore 1
 527 02c0 03340101 		ld	s0,16(sp)
 528              		.cfi_restore 8
 529              		.cfi_def_cfa 2, 32
 530 02c4 83348100 		ld	s1,8(sp)
 531              		.cfi_restore 9
 532              	.LVL49:
 533 02c8 13010102 		addi	sp,sp,32
 534              		.cfi_def_cfa_offset 0
 535 02cc 67800000 		jr	ra
 536              	.L31:
 537 02d0 67800000 		ret
 538              		.cfi_endproc
 539              	.LFE52:
 541              		.align	2
 542              		.globl	_ZN3TCB10exitThreadEv
 544              	_ZN3TCB10exitThreadEv:
 545              	.LFB47:
  18:src/tcb.cpp   ****     TCB::running->setFinished(true);
 546              		.loc 1 18 24 is_stmt 1
 547              		.cfi_startproc
 548 02d4 130101FF 		addi	sp,sp,-16
 549              		.cfi_def_cfa_offset 16
 550 02d8 23341100 		sd	ra,8(sp)
 551 02dc 23308100 		sd	s0,0(sp)
 552              		.cfi_offset 1, -8
 553              		.cfi_offset 8, -16
 554 02e0 13040101 		addi	s0,sp,16
 555              		.cfi_def_cfa 8, 0
  19:src/tcb.cpp   ****     //delete nit
 556              		.loc 1 19 5
 557              	.LVL50:
 558              	.LBB85:
 559              	.LBB86:
  21:src/../h/tcb.hpp **** 
 560              		.loc 2 21 36
  21:src/../h/tcb.hpp **** 
 561              		.loc 2 21 45 is_stmt 0
 562 02e4 97070000 		ld	a5,.LANCHOR1
 562      83B70700 
 563 02ec 13071000 		li	a4,1
 564 02f0 238CE702 		sb	a4,56(a5)
 565              	.LVL51:
 566              	.LBE86:
 567              	.LBE85:
  21:src/tcb.cpp   ****     TCB::dispatch();
 568              		.loc 1 21 5 is_stmt 1
  21:src/tcb.cpp   ****     TCB::dispatch();
 569              		.loc 1 21 12 is_stmt 0
 570 02f4 97000000 		call	_ZN3TCB7unblockEv
 570      E7800000 
 571              	.LVL52:
  22:src/tcb.cpp   **** }
GAS LISTING /tmp/ccob6SeJ.s 			page 16


 572              		.loc 1 22 5 is_stmt 1
  22:src/tcb.cpp   **** }
 573              		.loc 1 22 18 is_stmt 0
 574 02fc 97000000 		call	_ZN3TCB8dispatchEv
 574      E7800000 
 575              	.LVL53:
  23:src/tcb.cpp   **** 
 576              		.loc 1 23 1
 577 0304 83308100 		ld	ra,8(sp)
 578              		.cfi_restore 1
 579 0308 03340100 		ld	s0,0(sp)
 580              		.cfi_restore 8
 581              		.cfi_def_cfa 2, 16
 582 030c 13010101 		addi	sp,sp,16
 583              		.cfi_def_cfa_offset 0
 584 0310 67800000 		jr	ra
 585              		.cfi_endproc
 586              	.LFE47:
 588              		.align	2
 589              		.globl	_ZN3TCB13threadWrapperEv
 591              	_ZN3TCB13threadWrapperEv:
 592              	.LFB50:
  53:src/tcb.cpp   ****     Riscv::popSppSpie();
 593              		.loc 1 53 1 is_stmt 1
 594              		.cfi_startproc
 595 0314 130101FE 		addi	sp,sp,-32
 596              		.cfi_def_cfa_offset 32
 597 0318 233C1100 		sd	ra,24(sp)
 598 031c 23388100 		sd	s0,16(sp)
 599 0320 23349100 		sd	s1,8(sp)
 600              		.cfi_offset 1, -8
 601              		.cfi_offset 8, -16
 602              		.cfi_offset 9, -24
 603 0324 13040102 		addi	s0,sp,32
 604              		.cfi_def_cfa 8, 0
  54:src/tcb.cpp   ****     running->body(running->arg);
 605              		.loc 1 54 5
  54:src/tcb.cpp   ****     running->body(running->arg);
 606              		.loc 1 54 22 is_stmt 0
 607 0328 97000000 		call	_ZN5Riscv10popSppSpieEv@plt
 607      E7800000 
 608              	.LVL54:
  55:src/tcb.cpp   ****     running->setFinished(true);
 609              		.loc 1 55 5 is_stmt 1
  55:src/tcb.cpp   ****     running->setFinished(true);
 610              		.loc 1 55 14 is_stmt 0
 611 0330 97040000 		lla	s1,.LANCHOR1
 611      93840400 
 612 0338 83B70400 		ld	a5,0(s1)
 613 033c 03B78700 		ld	a4,8(a5)
  55:src/tcb.cpp   ****     running->setFinished(true);
 614              		.loc 1 55 18
 615 0340 03B50701 		ld	a0,16(a5)
 616 0344 E7000700 		jalr	a4
 617              	.LVL55:
  56:src/tcb.cpp   ****     if(running->isFinished()) {
 618              		.loc 1 56 5 is_stmt 1
GAS LISTING /tmp/ccob6SeJ.s 			page 17


  56:src/tcb.cpp   ****     if(running->isFinished()) {
 619              		.loc 1 56 25 is_stmt 0
 620 0348 83B70400 		ld	a5,0(s1)
 621              	.LVL56:
 622              	.LBB87:
 623              	.LBB88:
  21:src/../h/tcb.hpp **** 
 624              		.loc 2 21 36 is_stmt 1
  21:src/../h/tcb.hpp **** 
 625              		.loc 2 21 45 is_stmt 0
 626 034c 13071000 		li	a4,1
 627 0350 238CE702 		sb	a4,56(a5)
 628              	.LVL57:
 629              	.LBE88:
 630              	.LBE87:
  57:src/tcb.cpp   ****        unblock();
 631              		.loc 1 57 5 is_stmt 1
  19:src/../h/tcb.hpp **** 
 632              		.loc 2 19 31
  58:src/tcb.cpp   ****     }
 633              		.loc 1 58 8
  58:src/tcb.cpp   ****     }
 634              		.loc 1 58 15 is_stmt 0
 635 0354 97000000 		call	_ZN3TCB7unblockEv
 635      E7800000 
 636              	.LVL58:
  62:src/tcb.cpp   **** 
 637              		.loc 1 62 5 is_stmt 1
  62:src/tcb.cpp   **** 
 638              		.loc 1 62 21 is_stmt 0
 639 035c 97000000 		call	_ZN6Thread8dispatchEv@plt
 639      E7800000 
 640              	.LVL59:
  64:src/tcb.cpp   **** 
 641              		.loc 1 64 1
 642 0364 83308101 		ld	ra,24(sp)
 643              		.cfi_restore 1
 644 0368 03340101 		ld	s0,16(sp)
 645              		.cfi_restore 8
 646              		.cfi_def_cfa 2, 32
 647 036c 83348100 		ld	s1,8(sp)
 648              		.cfi_restore 9
 649 0370 13010102 		addi	sp,sp,32
 650              		.cfi_def_cfa_offset 0
 651 0374 67800000 		jr	ra
 652              		.cfi_endproc
 653              	.LFE50:
 655              		.align	2
 656              		.globl	_ZN3TCB5startEPPS_
 658              	_ZN3TCB5startEPPS_:
 659              	.LFB53:
  84:src/tcb.cpp   **** 
  85:src/tcb.cpp   **** int TCB::start(thread_t* handle)
  86:src/tcb.cpp   **** {
 660              		.loc 1 86 1 is_stmt 1
 661              		.cfi_startproc
 662              	.LVL60:
GAS LISTING /tmp/ccob6SeJ.s 			page 18


  87:src/tcb.cpp   ****     if (handle) {
 663              		.loc 1 87 5
 664 0378 630A0502 		beqz	a0,.L44
  86:src/tcb.cpp   ****     if (handle) {
 665              		.loc 1 86 1 is_stmt 0
 666 037c 130101FF 		addi	sp,sp,-16
 667              		.cfi_def_cfa_offset 16
 668 0380 23341100 		sd	ra,8(sp)
 669 0384 23308100 		sd	s0,0(sp)
 670              		.cfi_offset 1, -8
 671              		.cfi_offset 8, -16
 672 0388 13040101 		addi	s0,sp,16
 673              		.cfi_def_cfa 8, 0
  88:src/tcb.cpp   ****         Scheduler::put(*handle);
 674              		.loc 1 88 9 is_stmt 1
 675              		.loc 1 88 23 is_stmt 0
 676 038c 03350500 		ld	a0,0(a0)
 677              	.LVL61:
 678 0390 97000000 		call	_ZN9Scheduler3putEP3TCB@plt
 678      E7800000 
 679              	.LVL62:
  89:src/tcb.cpp   ****     }
  90:src/tcb.cpp   ****     return 0;
 680              		.loc 1 90 5 is_stmt 1
  91:src/tcb.cpp   **** }
 681              		.loc 1 91 1 is_stmt 0
 682 0398 13050000 		li	a0,0
 683 039c 83308100 		ld	ra,8(sp)
 684              		.cfi_restore 1
 685 03a0 03340100 		ld	s0,0(sp)
 686              		.cfi_restore 8
 687              		.cfi_def_cfa 2, 16
 688 03a4 13010101 		addi	sp,sp,16
 689              		.cfi_def_cfa_offset 0
 690 03a8 67800000 		jr	ra
 691              	.LVL63:
 692              	.L44:
  90:src/tcb.cpp   **** }
 693              		.loc 1 90 5 is_stmt 1
 694              		.loc 1 91 1 is_stmt 0
 695 03ac 13050000 		li	a0,0
 696              	.LVL64:
 697 03b0 67800000 		ret
 698              		.cfi_endproc
 699              	.LFE53:
 701              		.align	2
 702              		.globl	_ZN3TCB20createThreadNotStartEPPS_PFvPvES2_
 704              	_ZN3TCB20createThreadNotStartEPPS_PFvPvES2_:
 705              	.LFB54:
  92:src/tcb.cpp   **** 
  93:src/tcb.cpp   **** int TCB::createThreadNotStart(thread_t *handle, TCB::Body body, void *arg)
  94:src/tcb.cpp   **** {
 706              		.loc 1 94 1 is_stmt 1
 707              		.cfi_startproc
 708              		.cfi_personality 0x9b,DW.ref.__gxx_personality_v0
 709              		.cfi_lsda 0x1b,.LLSDA54
 710              	.LVL65:
GAS LISTING /tmp/ccob6SeJ.s 			page 19


 711 03b4 130101FD 		addi	sp,sp,-48
 712              		.cfi_def_cfa_offset 48
 713 03b8 23341102 		sd	ra,40(sp)
 714 03bc 23308102 		sd	s0,32(sp)
 715 03c0 233C9100 		sd	s1,24(sp)
 716 03c4 23382101 		sd	s2,16(sp)
 717 03c8 23343101 		sd	s3,8(sp)
 718 03cc 23304101 		sd	s4,0(sp)
 719              		.cfi_offset 1, -8
 720              		.cfi_offset 8, -16
 721              		.cfi_offset 9, -24
 722              		.cfi_offset 18, -32
 723              		.cfi_offset 19, -40
 724              		.cfi_offset 20, -48
 725 03d0 13040103 		addi	s0,sp,48
 726              		.cfi_def_cfa 8, 0
 727 03d4 93090500 		mv	s3,a0
 728 03d8 13890500 		mv	s2,a1
 729 03dc 130A0600 		mv	s4,a2
  95:src/tcb.cpp   ****     *handle = new TCB(body,arg, TIME_SLICE);
 730              		.loc 1 95 5
 731              		.loc 1 95 43 is_stmt 0
 732 03e0 13050005 		li	a0,80
 733              	.LVL66:
 734              	.LEHB3:
 735 03e4 97000000 		call	_Znwm@plt
 735      E7800000 
 736              	.LVL67:
 737              	.LEHE3:
 738 03ec 93040500 		mv	s1,a0
 739              	.LVL68:
 740              	.LBB95:
 741              	.LBB96:
  46:src/../h/tcb.hpp ****             body(body),
 742              		.loc 2 46 24
 743 03f0 17070000 		lla	a4,.LANCHOR0
 743      13070700 
 744 03f8 83270700 		lw	a5,0(a4)
 745 03fc 9B861700 		addiw	a3,a5,1
 746 0400 2320D700 		sw	a3,0(a4)
  55:src/../h/tcb.hpp ****     {
 747              		.loc 2 55 26
 748 0404 2320F500 		sw	a5,0(a0)
 749 0408 23342501 		sd	s2,8(a0)
 750 040c 23384501 		sd	s4,16(a0)
  49:src/../h/tcb.hpp ****             context({(uint64) &threadWrapper,
 751              		.loc 2 49 35
 752 0410 630A0900 		beqz	s2,.L51
  49:src/../h/tcb.hpp ****             context({(uint64) &threadWrapper,
 753              		.loc 2 49 58
 754 0414 37850000 		li	a0,32768
 755              	.LEHB4:
 756 0418 97000000 		call	_Znam@plt
 756      E7800000 
 757              	.LVL69:
 758              	.LEHE4:
 759 0420 6F008000 		j	.L48
GAS LISTING /tmp/ccob6SeJ.s 			page 20


 760              	.L51:
  49:src/../h/tcb.hpp ****             context({(uint64) &threadWrapper,
 761              		.loc 2 49 35
 762 0424 13050000 		li	a0,0
 763              	.L48:
  55:src/../h/tcb.hpp ****     {
 764              		.loc 2 55 26
 765 0428 23BCA400 		sd	a0,24(s1)
 766 042c 97070000 		lla	a5,_ZN3TCB13threadWrapperEv
 766      93870700 
 767 0434 23B0F402 		sd	a5,32(s1)
  51:src/../h/tcb.hpp ****                     }),
 768              		.loc 2 51 39
 769 0438 63080504 		beqz	a0,.L52
  51:src/../h/tcb.hpp ****                     }),
 770              		.loc 2 51 50
 771 043c B7870000 		li	a5,32768
 772 0440 B307F500 		add	a5,a0,a5
 773              	.L49:
  55:src/../h/tcb.hpp ****     {
 774              		.loc 2 55 26
 775 0444 23B4F402 		sd	a5,40(s1)
 776 0448 93072000 		li	a5,2
 777 044c 23B8F402 		sd	a5,48(s1)
 778 0450 238C0402 		sb	zero,56(s1)
 779 0454 A38C0402 		sb	zero,57(s1)
 780              	.LVL70:
 781              	.LBB97:
 782              	.LBB98:
  37:src/../h/../h/list.hpp **** 
 783              		.loc 3 37 29
 784 0458 23B00404 		sd	zero,64(s1)
 785 045c 23B40404 		sd	zero,72(s1)
 786              	.LVL71:
 787              	.LBE98:
 788              	.LBE97:
 789              		.loc 2 57 13 is_stmt 1
 790              	.LBE96:
 791              	.LBE95:
 792              		.loc 1 95 13 is_stmt 0
 793 0460 23B09900 		sd	s1,0(s3)
  96:src/tcb.cpp   ****     return (*handle)->pid;
 794              		.loc 1 96 5 is_stmt 1
 795              		.loc 1 96 23 is_stmt 0
 796 0464 03A50400 		lw	a0,0(s1)
  97:src/tcb.cpp   **** }
 797              		.loc 1 97 1
 798 0468 83308102 		ld	ra,40(sp)
 799              		.cfi_remember_state
 800              		.cfi_restore 1
 801 046c 03340102 		ld	s0,32(sp)
 802              		.cfi_restore 8
 803              		.cfi_def_cfa 2, 48
 804 0470 83348101 		ld	s1,24(sp)
 805              		.cfi_restore 9
 806 0474 03390101 		ld	s2,16(sp)
 807              		.cfi_restore 18
GAS LISTING /tmp/ccob6SeJ.s 			page 21


 808              	.LVL72:
 809 0478 83398100 		ld	s3,8(sp)
 810              		.cfi_restore 19
 811              	.LVL73:
 812 047c 033A0100 		ld	s4,0(sp)
 813              		.cfi_restore 20
 814              	.LVL74:
 815 0480 13010103 		addi	sp,sp,48
 816              		.cfi_def_cfa_offset 0
 817 0484 67800000 		jr	ra
 818              	.LVL75:
 819              	.L52:
 820              		.cfi_restore_state
 821              	.LBB100:
 822              	.LBB99:
  51:src/../h/tcb.hpp ****                     }),
 823              		.loc 2 51 39
 824 0488 93070000 		li	a5,0
 825 048c 6FF09FFB 		j	.L49
 826              	.L53:
 827 0490 13090500 		mv	s2,a0
 828              	.LVL76:
 829              	.LBE99:
 830              	.LBE100:
  95:src/tcb.cpp   ****     return (*handle)->pid;
 831              		.loc 1 95 43
 832 0494 13850400 		mv	a0,s1
 833 0498 97000000 		call	_ZdlPv@plt
 833      E7800000 
 834              	.LVL77:
 835 04a0 13050900 		mv	a0,s2
 836              	.LEHB5:
 837 04a4 97000000 		call	_Unwind_Resume@plt
 837      E7800000 
 838              	.LVL78:
 839              	.LEHE5:
 840              		.cfi_endproc
 841              	.LFE54:
 842              		.section	.gcc_except_table
 843              	.LLSDA54:
 844 002b FF       		.byte	0xff
 845 002c FF       		.byte	0xff
 846 002d 03       		.byte	0x3
 847 002e 27       		.byte	0x27
 848 002f 00000000 		.4byte	.LEHB3-.LFB54
 849 0033 00000000 		.4byte	.LEHE3-.LEHB3
 850 0037 00000000 		.4byte	0
 851 003b 00       		.byte	0
 852 003c 00000000 		.4byte	.LEHB4-.LFB54
 853 0040 00000000 		.4byte	.LEHE4-.LEHB4
 854 0044 00000000 		.4byte	.L53-.LFB54
 855 0048 00       		.byte	0
 856 0049 00000000 		.4byte	.LEHB5-.LFB54
 857 004d 00000000 		.4byte	.LEHE5-.LEHB5
 858 0051 00000000 		.4byte	0
 859 0055 00       		.byte	0
 860              		.text
GAS LISTING /tmp/ccob6SeJ.s 			page 22


 862              		.globl	_ZN3TCB16timeSliceCounterE
 863              		.globl	_ZN3TCB2idE
 864              		.globl	_ZN3TCB7runningE
 865              		.data
 866              		.align	2
 867              		.set	.LANCHOR0,. + 0
 870              	_ZN3TCB2idE:
 871 0000 01000000 		.word	1
 872              		.bss
 873              		.align	3
 874              		.set	.LANCHOR1,. + 0
 877              	_ZN3TCB7runningE:
 878 0000 00000000 		.zero	8
 878      00000000 
 881              	_ZN3TCB16timeSliceCounterE:
 882 0008 00000000 		.zero	8
 882      00000000 
 883              		.text
 884              	.Letext0:
 885              		.file 4 "src/../h/../lib/hw.h"
 886              		.file 5 "src/../h/../h/MemoryAllocator.hpp"
 887              		.file 6 "src/../h/../h/scheduler.hpp"
 888              		.file 7 "src/../h/../h/syscall_c.h"
 889              		.file 8 "src/../h/riscv.hpp"
 890              		.file 9 "src/../h/../h/syscall_cpp.hpp"
 5057              		.align	3
 5060              	DW.ref.__gxx_personality_v0:
 5061 0000 00000000 		.dword	__gxx_personality_v0
 5061      00000000 
 5062              		.ident	"GCC: (Ubuntu 9.4.0-1ubuntu1~20.04) 9.4.0"
 5063              		.section	.note.GNU-stack,"",@progbits
GAS LISTING /tmp/ccob6SeJ.s 			page 23


DEFINED SYMBOLS
                            *ABS*:0000000000000000 tcb.cpp
     /tmp/ccob6SeJ.s:9      .text:0000000000000000 _ZN3TCB12createThreadEPPS_PFvPvES2_
     /tmp/ccob6SeJ.s:13     .text:0000000000000000 .L0 
     /tmp/ccob6SeJ.s:5060   .data.rel.local.DW.ref.__gxx_personality_v0:0000000000000000 DW.ref.__gxx_personality_v0
     /tmp/ccob6SeJ.s:17     .text:0000000000000000 .L0 
     /tmp/ccob6SeJ.s:18     .text:0000000000000004 .L0 
     /tmp/ccob6SeJ.s:25     .text:000000000000001c .L0 
     /tmp/ccob6SeJ.s:26     .text:000000000000001c .L0 
     /tmp/ccob6SeJ.s:27     .text:000000000000001c .L0 
     /tmp/ccob6SeJ.s:28     .text:000000000000001c .L0 
     /tmp/ccob6SeJ.s:29     .text:000000000000001c .L0 
     /tmp/ccob6SeJ.s:30     .text:000000000000001c .L0 
     /tmp/ccob6SeJ.s:32     .text:0000000000000020 .L0 
     /tmp/ccob6SeJ.s:37     .text:000000000000002c .L0 
     /tmp/ccob6SeJ.s:38     .text:000000000000002c .L0 
     /tmp/ccob6SeJ.s:50     .text:000000000000003c .L0 
     /tmp/ccob6SeJ.s:55     .text:0000000000000050 .L0 
     /tmp/ccob6SeJ.s:59     .text:000000000000005c .L0 
     /tmp/ccob6SeJ.s:61     .text:0000000000000060 .L0 
     /tmp/ccob6SeJ.s:69     .text:0000000000000070 .L0 
     /tmp/ccob6SeJ.s:72     .text:0000000000000074 .L0 
     /tmp/ccob6SeJ.s:591    .text:0000000000000314 _ZN3TCB13threadWrapperEv
     /tmp/ccob6SeJ.s:76     .text:0000000000000084 .L0 
     /tmp/ccob6SeJ.s:78     .text:0000000000000088 .L0 
     /tmp/ccob6SeJ.s:82     .text:0000000000000090 .L0 
     /tmp/ccob6SeJ.s:92     .text:00000000000000a4 .L0 
     /tmp/ccob6SeJ.s:100    .text:00000000000000ac .L0 
     /tmp/ccob6SeJ.s:101    .text:00000000000000ac .L0 
     /tmp/ccob6SeJ.s:103    .text:00000000000000b0 .L0 
     /tmp/ccob6SeJ.s:105    .text:00000000000000b4 .L0 
     /tmp/ccob6SeJ.s:106    .text:00000000000000b4 .L0 
     /tmp/ccob6SeJ.s:112    .text:00000000000000c0 .L0 
     /tmp/ccob6SeJ.s:113    .text:00000000000000c0 .L0 
     /tmp/ccob6SeJ.s:115    .text:00000000000000c4 .L0 
     /tmp/ccob6SeJ.s:117    .text:00000000000000c8 .L0 
     /tmp/ccob6SeJ.s:118    .text:00000000000000cc .L0 
     /tmp/ccob6SeJ.s:119    .text:00000000000000cc .L0 
     /tmp/ccob6SeJ.s:121    .text:00000000000000d0 .L0 
     /tmp/ccob6SeJ.s:122    .text:00000000000000d0 .L0 
     /tmp/ccob6SeJ.s:124    .text:00000000000000d4 .L0 
     /tmp/ccob6SeJ.s:126    .text:00000000000000d8 .L0 
     /tmp/ccob6SeJ.s:129    .text:00000000000000dc .L0 
     /tmp/ccob6SeJ.s:132    .text:00000000000000e0 .L0 
     /tmp/ccob6SeJ.s:135    .text:00000000000000e4 .L0 
     /tmp/ccob6SeJ.s:139    .text:00000000000000e8 .L0 
     /tmp/ccob6SeJ.s:143    .text:00000000000000e8 .L0 
     /tmp/ccob6SeJ.s:151    .text:00000000000000f4 .L0 
     /tmp/ccob6SeJ.s:158    .text:000000000000010c .L0 
     /tmp/ccob6SeJ.s:184    .text:000000000000010c _ZN3TCB8dispatchEv
     /tmp/ccob6SeJ.s:187    .text:000000000000010c .L0 
     /tmp/ccob6SeJ.s:188    .text:000000000000010c .L0 
     /tmp/ccob6SeJ.s:189    .text:0000000000000110 .L0 
     /tmp/ccob6SeJ.s:193    .text:000000000000011c .L0 
     /tmp/ccob6SeJ.s:194    .text:000000000000011c .L0 
     /tmp/ccob6SeJ.s:195    .text:000000000000011c .L0 
     /tmp/ccob6SeJ.s:197    .text:0000000000000120 .L0 
GAS LISTING /tmp/ccob6SeJ.s 			page 24


     /tmp/ccob6SeJ.s:199    .text:0000000000000120 .L0 
     /tmp/ccob6SeJ.s:200    .text:0000000000000120 .L0 
     /tmp/ccob6SeJ.s:205    .text:0000000000000128 .L0 
     /tmp/ccob6SeJ.s:206    .text:0000000000000128 .L0 
     /tmp/ccob6SeJ.s:207    .text:0000000000000128 .L0 
     /tmp/ccob6SeJ.s:212    .text:000000000000012c .L0 
     /tmp/ccob6SeJ.s:217    .text:0000000000000130 .L0 
     /tmp/ccob6SeJ.s:218    .text:0000000000000130 .L0 
     /tmp/ccob6SeJ.s:223    .text:0000000000000134 .L0 
     /tmp/ccob6SeJ.s:226    .text:0000000000000138 .L0 
     /tmp/ccob6SeJ.s:227    .text:0000000000000138 .L0 
     /tmp/ccob6SeJ.s:230    .text:0000000000000140 .L0 
     /tmp/ccob6SeJ.s:232    .text:0000000000000148 .L0 
     /tmp/ccob6SeJ.s:233    .text:0000000000000148 .L0 
     /tmp/ccob6SeJ.s:238    .text:0000000000000158 .L0 
     /tmp/ccob6SeJ.s:239    .text:0000000000000158 .L0 
     /tmp/ccob6SeJ.s:240    .text:000000000000015c .L0 
     /tmp/ccob6SeJ.s:241    .text:000000000000015c .L0 
     /tmp/ccob6SeJ.s:243    .text:0000000000000160 .L0 
     /tmp/ccob6SeJ.s:244    .text:0000000000000160 .L0 
     /tmp/ccob6SeJ.s:246    .text:0000000000000164 .L0 
     /tmp/ccob6SeJ.s:249    .text:0000000000000168 .L0 
     /tmp/ccob6SeJ.s:253    .text:000000000000016c .L0 
     /tmp/ccob6SeJ.s:255    .text:000000000000016c .L0 
     /tmp/ccob6SeJ.s:256    .text:000000000000016c .L0 
     /tmp/ccob6SeJ.s:260    .text:000000000000017c .L0 
     /tmp/ccob6SeJ.s:266    .text:000000000000017c _ZN3TCB5yieldEv
     /tmp/ccob6SeJ.s:269    .text:000000000000017c .L0 
     /tmp/ccob6SeJ.s:270    .text:000000000000017c .L0 
     /tmp/ccob6SeJ.s:271    .text:0000000000000180 .L0 
     /tmp/ccob6SeJ.s:274    .text:0000000000000188 .L0 
     /tmp/ccob6SeJ.s:275    .text:0000000000000188 .L0 
     /tmp/ccob6SeJ.s:277    .text:000000000000018c .L0 
     /tmp/ccob6SeJ.s:279    .text:000000000000018c .L0 
     /tmp/ccob6SeJ.s:280    .text:000000000000018c .L0 
     /tmp/ccob6SeJ.s:283    .text:0000000000000194 .L0 
     /tmp/ccob6SeJ.s:284    .text:0000000000000194 .L0 
     /tmp/ccob6SeJ.s:287    .text:000000000000019c .L0 
     /tmp/ccob6SeJ.s:288    .text:000000000000019c .L0 
     /tmp/ccob6SeJ.s:291    .text:00000000000001a4 .L0 
     /tmp/ccob6SeJ.s:292    .text:00000000000001a8 .L0 
     /tmp/ccob6SeJ.s:294    .text:00000000000001ac .L0 
     /tmp/ccob6SeJ.s:295    .text:00000000000001ac .L0 
     /tmp/ccob6SeJ.s:297    .text:00000000000001b0 .L0 
     /tmp/ccob6SeJ.s:299    .text:00000000000001b4 .L0 
     /tmp/ccob6SeJ.s:305    .text:00000000000001b4 _ZN3TCB4joinEPS_
     /tmp/ccob6SeJ.s:308    .text:00000000000001b4 .L0 
     /tmp/ccob6SeJ.s:310    .text:00000000000001b4 .L0 
     /tmp/ccob6SeJ.s:313    .text:00000000000001b4 .L0 
     /tmp/ccob6SeJ.s:314    .text:00000000000001b4 .L0 
     /tmp/ccob6SeJ.s:315    .text:00000000000001b4 .L0 
     /tmp/ccob6SeJ.s:320    .text:00000000000001b8 .L0 
     /tmp/ccob6SeJ.s:324    .text:00000000000001c0 .L0 
     /tmp/ccob6SeJ.s:325    .text:00000000000001c4 .L0 
     /tmp/ccob6SeJ.s:330    .text:00000000000001d4 .L0 
     /tmp/ccob6SeJ.s:331    .text:00000000000001d4 .L0 
     /tmp/ccob6SeJ.s:332    .text:00000000000001d4 .L0 
GAS LISTING /tmp/ccob6SeJ.s 			page 25


     /tmp/ccob6SeJ.s:333    .text:00000000000001d4 .L0 
     /tmp/ccob6SeJ.s:335    .text:00000000000001d8 .L0 
     /tmp/ccob6SeJ.s:338    .text:00000000000001dc .L0 
     /tmp/ccob6SeJ.s:339    .text:00000000000001dc .L0 
     /tmp/ccob6SeJ.s:346    .text:00000000000001e4 .L0 
     /tmp/ccob6SeJ.s:355    .text:00000000000001f0 .L0 
     /tmp/ccob6SeJ.s:361    .text:00000000000001f8 .L0 
     /tmp/ccob6SeJ.s:363    .text:00000000000001fc .L0 
     /tmp/ccob6SeJ.s:365    .text:0000000000000200 .L0 
     /tmp/ccob6SeJ.s:367    .text:0000000000000204 .L0 
     /tmp/ccob6SeJ.s:375    .text:0000000000000208 .L0 
     /tmp/ccob6SeJ.s:376    .text:0000000000000208 .L0 
     /tmp/ccob6SeJ.s:377    .text:0000000000000208 .L0 
     /tmp/ccob6SeJ.s:384    .text:0000000000000218 .L0 
     /tmp/ccob6SeJ.s:385    .text:0000000000000218 .L0 
     /tmp/ccob6SeJ.s:388    .text:0000000000000220 .L0 
     /tmp/ccob6SeJ.s:389    .text:0000000000000224 .L0 
     /tmp/ccob6SeJ.s:390    .text:0000000000000224 .L0 
     /tmp/ccob6SeJ.s:392    .text:0000000000000228 .L0 
     /tmp/ccob6SeJ.s:393    .text:0000000000000228 .L0 
     /tmp/ccob6SeJ.s:395    .text:000000000000022c .L0 
     /tmp/ccob6SeJ.s:398    .text:0000000000000230 .L0 
     /tmp/ccob6SeJ.s:400    .text:0000000000000234 .L0 
     /tmp/ccob6SeJ.s:404    .text:0000000000000238 .L0 
     /tmp/ccob6SeJ.s:408    .text:0000000000000238 .L0 
     /tmp/ccob6SeJ.s:413    .text:0000000000000244 .L0 
     /tmp/ccob6SeJ.s:419    .text:0000000000000244 _ZN3TCB7unblockEv
     /tmp/ccob6SeJ.s:422    .text:0000000000000244 .L0 
     /tmp/ccob6SeJ.s:423    .text:0000000000000244 .L0 
     /tmp/ccob6SeJ.s:424    .text:0000000000000244 .L0 
     /tmp/ccob6SeJ.s:425    .text:0000000000000244 .L0 
     /tmp/ccob6SeJ.s:426    .text:0000000000000244 .L0 
     /tmp/ccob6SeJ.s:431    .text:000000000000024c .L0 
     /tmp/ccob6SeJ.s:433    .text:0000000000000250 .L0 
     /tmp/ccob6SeJ.s:435    .text:0000000000000254 .L0 
     /tmp/ccob6SeJ.s:440    .text:0000000000000258 .L0 
     /tmp/ccob6SeJ.s:442    .text:000000000000025c .L0 
     /tmp/ccob6SeJ.s:443    .text:0000000000000260 .L0 
     /tmp/ccob6SeJ.s:447    .text:000000000000026c .L0 
     /tmp/ccob6SeJ.s:448    .text:000000000000026c .L0 
     /tmp/ccob6SeJ.s:449    .text:000000000000026c .L0 
     /tmp/ccob6SeJ.s:451    .text:0000000000000270 .L0 
     /tmp/ccob6SeJ.s:459    .text:0000000000000274 .L0 
     /tmp/ccob6SeJ.s:462    .text:0000000000000278 .L0 
     /tmp/ccob6SeJ.s:467    .text:000000000000027c .L0 
     /tmp/ccob6SeJ.s:476    .text:0000000000000284 .L0 
     /tmp/ccob6SeJ.s:477    .text:0000000000000284 .L0 
     /tmp/ccob6SeJ.s:478    .text:0000000000000284 .L0 
     /tmp/ccob6SeJ.s:483    .text:0000000000000288 .L0 
     /tmp/ccob6SeJ.s:484    .text:0000000000000288 .L0 
     /tmp/ccob6SeJ.s:489    .text:0000000000000294 .L0 
     /tmp/ccob6SeJ.s:490    .text:0000000000000294 .L0 
     /tmp/ccob6SeJ.s:491    .text:0000000000000294 .L0 
     /tmp/ccob6SeJ.s:496    .text:000000000000029c .L0 
     /tmp/ccob6SeJ.s:498    .text:00000000000002a0 .L0 
     /tmp/ccob6SeJ.s:500    .text:00000000000002a4 .L0 
     /tmp/ccob6SeJ.s:505    .text:00000000000002a8 .L0 
GAS LISTING /tmp/ccob6SeJ.s 			page 26


     /tmp/ccob6SeJ.s:512    .text:00000000000002ac .L0 
     /tmp/ccob6SeJ.s:513    .text:00000000000002ac .L0 
     /tmp/ccob6SeJ.s:515    .text:00000000000002b0 .L0 
     /tmp/ccob6SeJ.s:517    .text:00000000000002b4 .L0 
     /tmp/ccob6SeJ.s:525    .text:00000000000002bc .L0 
     /tmp/ccob6SeJ.s:526    .text:00000000000002c0 .L0 
     /tmp/ccob6SeJ.s:528    .text:00000000000002c4 .L0 
     /tmp/ccob6SeJ.s:529    .text:00000000000002c4 .L0 
     /tmp/ccob6SeJ.s:531    .text:00000000000002c8 .L0 
     /tmp/ccob6SeJ.s:534    .text:00000000000002cc .L0 
     /tmp/ccob6SeJ.s:538    .text:00000000000002d4 .L0 
     /tmp/ccob6SeJ.s:544    .text:00000000000002d4 _ZN3TCB10exitThreadEv
     /tmp/ccob6SeJ.s:547    .text:00000000000002d4 .L0 
     /tmp/ccob6SeJ.s:548    .text:00000000000002d4 .L0 
     /tmp/ccob6SeJ.s:549    .text:00000000000002d8 .L0 
     /tmp/ccob6SeJ.s:552    .text:00000000000002e0 .L0 
     /tmp/ccob6SeJ.s:553    .text:00000000000002e0 .L0 
     /tmp/ccob6SeJ.s:555    .text:00000000000002e4 .L0 
     /tmp/ccob6SeJ.s:560    .text:00000000000002e4 .L0 
     /tmp/ccob6SeJ.s:561    .text:00000000000002e4 .L0 
     /tmp/ccob6SeJ.s:562    .text:00000000000002e4 .L0 
     /tmp/ccob6SeJ.s:569    .text:00000000000002f4 .L0 
     /tmp/ccob6SeJ.s:570    .text:00000000000002f4 .L0 
     /tmp/ccob6SeJ.s:573    .text:00000000000002fc .L0 
     /tmp/ccob6SeJ.s:574    .text:00000000000002fc .L0 
     /tmp/ccob6SeJ.s:577    .text:0000000000000304 .L0 
     /tmp/ccob6SeJ.s:578    .text:0000000000000308 .L0 
     /tmp/ccob6SeJ.s:580    .text:000000000000030c .L0 
     /tmp/ccob6SeJ.s:581    .text:000000000000030c .L0 
     /tmp/ccob6SeJ.s:583    .text:0000000000000310 .L0 
     /tmp/ccob6SeJ.s:585    .text:0000000000000314 .L0 
     /tmp/ccob6SeJ.s:594    .text:0000000000000314 .L0 
     /tmp/ccob6SeJ.s:595    .text:0000000000000314 .L0 
     /tmp/ccob6SeJ.s:596    .text:0000000000000318 .L0 
     /tmp/ccob6SeJ.s:600    .text:0000000000000324 .L0 
     /tmp/ccob6SeJ.s:601    .text:0000000000000324 .L0 
     /tmp/ccob6SeJ.s:602    .text:0000000000000324 .L0 
     /tmp/ccob6SeJ.s:604    .text:0000000000000328 .L0 
     /tmp/ccob6SeJ.s:606    .text:0000000000000328 .L0 
     /tmp/ccob6SeJ.s:607    .text:0000000000000328 .L0 
     /tmp/ccob6SeJ.s:610    .text:0000000000000330 .L0 
     /tmp/ccob6SeJ.s:611    .text:0000000000000330 .L0 
     /tmp/ccob6SeJ.s:615    .text:0000000000000340 .L0 
     /tmp/ccob6SeJ.s:619    .text:0000000000000348 .L0 
     /tmp/ccob6SeJ.s:620    .text:0000000000000348 .L0 
     /tmp/ccob6SeJ.s:625    .text:000000000000034c .L0 
     /tmp/ccob6SeJ.s:626    .text:000000000000034c .L0 
     /tmp/ccob6SeJ.s:632    .text:0000000000000354 .L0 
     /tmp/ccob6SeJ.s:633    .text:0000000000000354 .L0 
     /tmp/ccob6SeJ.s:634    .text:0000000000000354 .L0 
     /tmp/ccob6SeJ.s:635    .text:0000000000000354 .L0 
     /tmp/ccob6SeJ.s:638    .text:000000000000035c .L0 
     /tmp/ccob6SeJ.s:639    .text:000000000000035c .L0 
     /tmp/ccob6SeJ.s:642    .text:0000000000000364 .L0 
     /tmp/ccob6SeJ.s:643    .text:0000000000000368 .L0 
     /tmp/ccob6SeJ.s:645    .text:000000000000036c .L0 
     /tmp/ccob6SeJ.s:646    .text:000000000000036c .L0 
GAS LISTING /tmp/ccob6SeJ.s 			page 27


     /tmp/ccob6SeJ.s:648    .text:0000000000000370 .L0 
     /tmp/ccob6SeJ.s:650    .text:0000000000000374 .L0 
     /tmp/ccob6SeJ.s:652    .text:0000000000000378 .L0 
     /tmp/ccob6SeJ.s:658    .text:0000000000000378 _ZN3TCB5startEPPS_
     /tmp/ccob6SeJ.s:661    .text:0000000000000378 .L0 
     /tmp/ccob6SeJ.s:663    .text:0000000000000378 .L0 
     /tmp/ccob6SeJ.s:664    .text:0000000000000378 .L0 
     /tmp/ccob6SeJ.s:666    .text:000000000000037c .L0 
     /tmp/ccob6SeJ.s:667    .text:0000000000000380 .L0 
     /tmp/ccob6SeJ.s:670    .text:0000000000000388 .L0 
     /tmp/ccob6SeJ.s:671    .text:0000000000000388 .L0 
     /tmp/ccob6SeJ.s:673    .text:000000000000038c .L0 
     /tmp/ccob6SeJ.s:675    .text:000000000000038c .L0 
     /tmp/ccob6SeJ.s:676    .text:000000000000038c .L0 
     /tmp/ccob6SeJ.s:681    .text:0000000000000398 .L0 
     /tmp/ccob6SeJ.s:682    .text:0000000000000398 .L0 
     /tmp/ccob6SeJ.s:684    .text:00000000000003a0 .L0 
     /tmp/ccob6SeJ.s:686    .text:00000000000003a4 .L0 
     /tmp/ccob6SeJ.s:687    .text:00000000000003a4 .L0 
     /tmp/ccob6SeJ.s:689    .text:00000000000003a8 .L0 
     /tmp/ccob6SeJ.s:694    .text:00000000000003ac .L0 
     /tmp/ccob6SeJ.s:695    .text:00000000000003ac .L0 
     /tmp/ccob6SeJ.s:698    .text:00000000000003b4 .L0 
     /tmp/ccob6SeJ.s:704    .text:00000000000003b4 _ZN3TCB20createThreadNotStartEPPS_PFvPvES2_
     /tmp/ccob6SeJ.s:707    .text:00000000000003b4 .L0 
     /tmp/ccob6SeJ.s:711    .text:00000000000003b4 .L0 
     /tmp/ccob6SeJ.s:712    .text:00000000000003b8 .L0 
     /tmp/ccob6SeJ.s:719    .text:00000000000003d0 .L0 
     /tmp/ccob6SeJ.s:720    .text:00000000000003d0 .L0 
     /tmp/ccob6SeJ.s:721    .text:00000000000003d0 .L0 
     /tmp/ccob6SeJ.s:722    .text:00000000000003d0 .L0 
     /tmp/ccob6SeJ.s:723    .text:00000000000003d0 .L0 
     /tmp/ccob6SeJ.s:724    .text:00000000000003d0 .L0 
     /tmp/ccob6SeJ.s:726    .text:00000000000003d4 .L0 
     /tmp/ccob6SeJ.s:731    .text:00000000000003e0 .L0 
     /tmp/ccob6SeJ.s:732    .text:00000000000003e0 .L0 
     /tmp/ccob6SeJ.s:743    .text:00000000000003f0 .L0 
     /tmp/ccob6SeJ.s:748    .text:0000000000000404 .L0 
     /tmp/ccob6SeJ.s:752    .text:0000000000000410 .L0 
     /tmp/ccob6SeJ.s:754    .text:0000000000000414 .L0 
     /tmp/ccob6SeJ.s:762    .text:0000000000000424 .L0 
     /tmp/ccob6SeJ.s:765    .text:0000000000000428 .L0 
     /tmp/ccob6SeJ.s:769    .text:0000000000000438 .L0 
     /tmp/ccob6SeJ.s:771    .text:000000000000043c .L0 
     /tmp/ccob6SeJ.s:775    .text:0000000000000444 .L0 
     /tmp/ccob6SeJ.s:784    .text:0000000000000458 .L0 
     /tmp/ccob6SeJ.s:792    .text:0000000000000460 .L0 
     /tmp/ccob6SeJ.s:793    .text:0000000000000460 .L0 
     /tmp/ccob6SeJ.s:795    .text:0000000000000464 .L0 
     /tmp/ccob6SeJ.s:796    .text:0000000000000464 .L0 
     /tmp/ccob6SeJ.s:798    .text:0000000000000468 .L0 
     /tmp/ccob6SeJ.s:799    .text:000000000000046c .L0 
     /tmp/ccob6SeJ.s:800    .text:000000000000046c .L0 
     /tmp/ccob6SeJ.s:802    .text:0000000000000470 .L0 
     /tmp/ccob6SeJ.s:803    .text:0000000000000470 .L0 
     /tmp/ccob6SeJ.s:805    .text:0000000000000474 .L0 
     /tmp/ccob6SeJ.s:807    .text:0000000000000478 .L0 
GAS LISTING /tmp/ccob6SeJ.s 			page 28


     /tmp/ccob6SeJ.s:810    .text:000000000000047c .L0 
     /tmp/ccob6SeJ.s:813    .text:0000000000000480 .L0 
     /tmp/ccob6SeJ.s:816    .text:0000000000000484 .L0 
     /tmp/ccob6SeJ.s:820    .text:0000000000000488 .L0 
     /tmp/ccob6SeJ.s:824    .text:0000000000000488 .L0 
     /tmp/ccob6SeJ.s:832    .text:0000000000000494 .L0 
     /tmp/ccob6SeJ.s:840    .text:00000000000004ac .L0 
     /tmp/ccob6SeJ.s:881    .bss:0000000000000008 _ZN3TCB16timeSliceCounterE
     /tmp/ccob6SeJ.s:870    .data:0000000000000000 _ZN3TCB2idE
     /tmp/ccob6SeJ.s:877    .bss:0000000000000000 _ZN3TCB7runningE
     /tmp/ccob6SeJ.s:867    .data:0000000000000000 .LANCHOR0
     /tmp/ccob6SeJ.s:874    .bss:0000000000000000 .LANCHOR1
     /tmp/ccob6SeJ.s:891    .text:00000000000004ac .L0 
     /tmp/ccob6SeJ.s:50     .text:000000000000003c .L0 
     /tmp/ccob6SeJ.s:73     .text:0000000000000078 .L0 
     /tmp/ccob6SeJ.s:200    .text:0000000000000120 .L0 
     /tmp/ccob6SeJ.s:230    .text:0000000000000140 .L0 
     /tmp/ccob6SeJ.s:339    .text:00000000000001dc .L0 
     /tmp/ccob6SeJ.s:377    .text:0000000000000208 .L0 
     /tmp/ccob6SeJ.s:426    .text:0000000000000244 .L0 
     /tmp/ccob6SeJ.s:491    .text:0000000000000294 .L0 
     /tmp/ccob6SeJ.s:562    .text:00000000000002e4 .L0 
     /tmp/ccob6SeJ.s:611    .text:0000000000000330 .L0 
     /tmp/ccob6SeJ.s:743    .text:00000000000003f0 .L0 
     /tmp/ccob6SeJ.s:766    .text:000000000000042c .L0 
     /tmp/ccob6SeJ.s:67     .text:0000000000000070 .L6
     /tmp/ccob6SeJ.s:70     .text:0000000000000074 .L2
     /tmp/ccob6SeJ.s:138    .text:00000000000000e8 .L7
     /tmp/ccob6SeJ.s:110    .text:00000000000000c0 .L4
     /tmp/ccob6SeJ.s:80     .text:0000000000000090 .L3
     /tmp/ccob6SeJ.s:224    .text:0000000000000138 .L12
     /tmp/ccob6SeJ.s:252    .text:000000000000016c .L14
     /tmp/ccob6SeJ.s:322    .text:00000000000001c0 .L25
     /tmp/ccob6SeJ.s:403    .text:0000000000000238 .L19
     /tmp/ccob6SeJ.s:368    .text:0000000000000208 .L20
     /tmp/ccob6SeJ.s:536    .text:00000000000002d0 .L31
     /tmp/ccob6SeJ.s:507    .text:00000000000002ac .L33
     /tmp/ccob6SeJ.s:520    .text:00000000000002bc .L26
     /tmp/ccob6SeJ.s:460    .text:0000000000000278 .L28
     /tmp/ccob6SeJ.s:454    .text:0000000000000274 .L36
     /tmp/ccob6SeJ.s:692    .text:00000000000003ac .L44
     /tmp/ccob6SeJ.s:760    .text:0000000000000424 .L51
     /tmp/ccob6SeJ.s:763    .text:0000000000000428 .L48
     /tmp/ccob6SeJ.s:819    .text:0000000000000488 .L52
     /tmp/ccob6SeJ.s:773    .text:0000000000000444 .L49
     /tmp/ccob6SeJ.s:40     .text:0000000000000030 .LEHB0
     /tmp/ccob6SeJ.s:10     .text:0000000000000000 .LFB46
     /tmp/ccob6SeJ.s:43     .text:0000000000000038 .LEHE0
     /tmp/ccob6SeJ.s:62     .text:0000000000000064 .LEHB1
     /tmp/ccob6SeJ.s:65     .text:000000000000006c .LEHE1
     /tmp/ccob6SeJ.s:145    .text:00000000000000f0 .L8
     /tmp/ccob6SeJ.s:107    .text:00000000000000b8 .LEHB2
     /tmp/ccob6SeJ.s:157    .text:000000000000010c .LEHE2
     /tmp/ccob6SeJ.s:734    .text:00000000000003e4 .LEHB3
     /tmp/ccob6SeJ.s:705    .text:00000000000003b4 .LFB54
     /tmp/ccob6SeJ.s:737    .text:00000000000003ec .LEHE3
     /tmp/ccob6SeJ.s:755    .text:0000000000000418 .LEHB4
GAS LISTING /tmp/ccob6SeJ.s 			page 29


     /tmp/ccob6SeJ.s:758    .text:0000000000000420 .LEHE4
     /tmp/ccob6SeJ.s:826    .text:0000000000000490 .L53
     /tmp/ccob6SeJ.s:836    .text:00000000000004a4 .LEHB5
     /tmp/ccob6SeJ.s:839    .text:00000000000004ac .LEHE5
     /tmp/ccob6SeJ.s:2846   .debug_abbrev:0000000000000000 .Ldebug_abbrev0
     /tmp/ccob6SeJ.s:4964   .debug_str:00000000000008af .LASF175
     /tmp/ccob6SeJ.s:4790   .debug_str:000000000000038c .LASF176
     /tmp/ccob6SeJ.s:4814   .debug_str:0000000000000478 .LASF177
     /tmp/ccob6SeJ.s:5      .text:0000000000000000 .Ltext0
     /tmp/ccob6SeJ.s:884    .text:00000000000004ac .Letext0
     /tmp/ccob6SeJ.s:4676   .debug_line:0000000000000000 .Ldebug_line0
     /tmp/ccob6SeJ.s:4792   .debug_str:0000000000000398 .LASF0
     /tmp/ccob6SeJ.s:4820   .debug_str:00000000000004ae .LASF1
     /tmp/ccob6SeJ.s:4904   .debug_str:000000000000070e .LASF2
     /tmp/ccob6SeJ.s:4912   .debug_str:0000000000000749 .LASF4
     /tmp/ccob6SeJ.s:4802   .debug_str:00000000000003f0 .LASF3
     /tmp/ccob6SeJ.s:4692   .debug_str:0000000000000076 .LASF5
     /tmp/ccob6SeJ.s:4874   .debug_str:0000000000000619 .LASF6
     /tmp/ccob6SeJ.s:4810   .debug_str:0000000000000452 .LASF7
     /tmp/ccob6SeJ.s:4774   .debug_str:00000000000002ff .LASF8
     /tmp/ccob6SeJ.s:4778   .debug_str:000000000000032b .LASF9
     /tmp/ccob6SeJ.s:4728   .debug_str:000000000000017e .LASF10
     /tmp/ccob6SeJ.s:4764   .debug_str:00000000000002a4 .LASF11
     /tmp/ccob6SeJ.s:4742   .debug_str:00000000000001e3 .LASF12
     /tmp/ccob6SeJ.s:4726   .debug_str:000000000000016e .LASF13
     /tmp/ccob6SeJ.s:4946   .debug_str:0000000000000855 .LASF14
     /tmp/ccob6SeJ.s:4754   .debug_str:000000000000023a .LASF15
     /tmp/ccob6SeJ.s:4932   .debug_str:00000000000007d5 .LASF16
     /tmp/ccob6SeJ.s:4870   .debug_str:00000000000005fd .LASF17
     /tmp/ccob6SeJ.s:4992   .debug_str:0000000000000a66 .LASF24
     /tmp/ccob6SeJ.s:4972   .debug_str:00000000000009ad .LASF26
     /tmp/ccob6SeJ.s:4678   .debug_str:0000000000000000 .LASF21
     /tmp/ccob6SeJ.s:4968   .debug_str:0000000000000980 .LASF22
     /tmp/ccob6SeJ.s:4702   .debug_str:00000000000000b1 .LASF32
     /tmp/ccob6SeJ.s:4944   .debug_str:0000000000000833 .LASF34
     /tmp/ccob6SeJ.s:4772   .debug_str:00000000000002f5 .LASF18
     /tmp/ccob6SeJ.s:4696   .debug_str:0000000000000088 .LASF19
     /tmp/ccob6SeJ.s:4836   .debug_str:000000000000051c .LASF20
     /tmp/ccob6SeJ.s:5030   .debug_str:0000000000000b45 .LASF23
     /tmp/ccob6SeJ.s:4706   .debug_str:00000000000000d3 .LASF25
     /tmp/ccob6SeJ.s:4938   .debug_str:0000000000000803 .LASF27
     /tmp/ccob6SeJ.s:5022   .debug_str:0000000000000b07 .LASF28
     /tmp/ccob6SeJ.s:4808   .debug_str:0000000000000435 .LASF110
     /tmp/ccob6SeJ.s:5036   .debug_str:0000000000000b6c .LASF178
     /tmp/ccob6SeJ.s:4784   .debug_str:000000000000034a .LASF179
     /tmp/ccob6SeJ.s:4998   .debug_str:0000000000000a81 .LASF29
     /tmp/ccob6SeJ.s:4986   .debug_str:0000000000000a2e .LASF33
     /tmp/ccob6SeJ.s:4816   .debug_str:00000000000004a4 .LASF30
     /tmp/ccob6SeJ.s:4730   .debug_str:000000000000018d .LASF31
     /tmp/ccob6SeJ.s:5040   .debug_str:0000000000000b9b .LASF35
     /tmp/ccob6SeJ.s:5044   .debug_str:0000000000000bd2 .LASF36
     /tmp/ccob6SeJ.s:4704   .debug_str:00000000000000bb .LASF37
     /tmp/ccob6SeJ.s:4718   .debug_str:0000000000000113 .LASF38
     /tmp/ccob6SeJ.s:4698   .debug_str:0000000000000092 .LASF39
     /tmp/ccob6SeJ.s:4682   .debug_str:0000000000000010 .LASF40
     /tmp/ccob6SeJ.s:5002   .debug_str:0000000000000aa9 .LASF92
     /tmp/ccob6SeJ.s:4930   .debug_str:00000000000007c2 .LASF180
GAS LISTING /tmp/ccob6SeJ.s 			page 30


     /tmp/ccob6SeJ.s:4720   .debug_str:0000000000000123 .LASF181
     /tmp/ccob6SeJ.s:4936   .debug_str:00000000000007fe .LASF41
     /tmp/ccob6SeJ.s:4854   .debug_str:00000000000005a7 .LASF42
     /tmp/ccob6SeJ.s:4848   .debug_str:0000000000000583 .LASF43
     /tmp/ccob6SeJ.s:4934   .debug_str:00000000000007eb .LASF44
     /tmp/ccob6SeJ.s:4760   .debug_str:0000000000000287 .LASF50
     /tmp/ccob6SeJ.s:4906   .debug_str:000000000000071c .LASF182
     /tmp/ccob6SeJ.s:4896   .debug_str:00000000000006da .LASF183
     /tmp/ccob6SeJ.s:4898   .debug_str:00000000000006f1 .LASF45
     /tmp/ccob6SeJ.s:4722   .debug_str:000000000000013c .LASF46
     /tmp/ccob6SeJ.s:4834   .debug_str:0000000000000514 .LASF47
     /tmp/ccob6SeJ.s:4756   .debug_str:0000000000000250 .LASF48
     /tmp/ccob6SeJ.s:4872   .debug_str:000000000000060d .LASF49
     /tmp/ccob6SeJ.s:5000   .debug_str:0000000000000a8b .LASF51
     /tmp/ccob6SeJ.s:5052   .debug_str:0000000000000c03 .LASF52
     /tmp/ccob6SeJ.s:5038   .debug_str:0000000000000b80 .LASF53
     /tmp/ccob6SeJ.s:4926   .debug_str:00000000000007a2 .LASF54
     /tmp/ccob6SeJ.s:4844   .debug_str:0000000000000556 .LASF55
     /tmp/ccob6SeJ.s:4892   .debug_str:00000000000006cc .LASF56
     /tmp/ccob6SeJ.s:4686   .debug_str:0000000000000028 .LASF57
     /tmp/ccob6SeJ.s:4950   .debug_str:000000000000086a .LASF58
     /tmp/ccob6SeJ.s:4914   .debug_str:0000000000000750 .LASF59
     /tmp/ccob6SeJ.s:4690   .debug_str:000000000000006a .LASF60
     /tmp/ccob6SeJ.s:4952   .debug_str:0000000000000872 .LASF61
     /tmp/ccob6SeJ.s:4850   .debug_str:0000000000000588 .LASF62
     /tmp/ccob6SeJ.s:4712   .debug_str:00000000000000f4 .LASF63
     /tmp/ccob6SeJ.s:4980   .debug_str:00000000000009f3 .LASF64
     /tmp/ccob6SeJ.s:5018   .debug_str:0000000000000af5 .LASF65
     /tmp/ccob6SeJ.s:4724   .debug_str:0000000000000159 .LASF66
     /tmp/ccob6SeJ.s:4954   .debug_str:000000000000087d .LASF67
     /tmp/ccob6SeJ.s:4738   .debug_str:00000000000001c2 .LASF68
     /tmp/ccob6SeJ.s:4826   .debug_str:00000000000004da .LASF69
     /tmp/ccob6SeJ.s:4988   .debug_str:0000000000000a33 .LASF70
     /tmp/ccob6SeJ.s:4966   .debug_str:0000000000000973 .LASF71
     /tmp/ccob6SeJ.s:4796   .debug_str:00000000000003b2 .LASF72
     /tmp/ccob6SeJ.s:4866   .debug_str:00000000000005e7 .LASF184
     /tmp/ccob6SeJ.s:4958   .debug_str:000000000000088d .LASF73
     /tmp/ccob6SeJ.s:4770   .debug_str:00000000000002c9 .LASF74
     /tmp/ccob6SeJ.s:5046   .debug_str:0000000000000bdf .LASF75
     /tmp/ccob6SeJ.s:4880   .debug_str:0000000000000654 .LASF76
     /tmp/ccob6SeJ.s:4822   .debug_str:00000000000004c1 .LASF77
     /tmp/ccob6SeJ.s:4846   .debug_str:0000000000000573 .LASF78
     /tmp/ccob6SeJ.s:4960   .debug_str:00000000000008a2 .LASF79
     /tmp/ccob6SeJ.s:4766   .debug_str:00000000000002b3 .LASF80
     /tmp/ccob6SeJ.s:4962   .debug_str:00000000000008a7 .LASF81
     /tmp/ccob6SeJ.s:4750   .debug_str:000000000000022b .LASF82
     /tmp/ccob6SeJ.s:4736   .debug_str:00000000000001af .LASF83
     /tmp/ccob6SeJ.s:4884   .debug_str:0000000000000689 .LASF185
     /tmp/ccob6SeJ.s:4680   .debug_str:000000000000000b .LASF84
     /tmp/ccob6SeJ.s:4838   .debug_str:0000000000000529 .LASF85
     /tmp/ccob6SeJ.s:4976   .debug_str:00000000000009d6 .LASF86
     /tmp/ccob6SeJ.s:4970   .debug_str:00000000000009a3 .LASF87
     /tmp/ccob6SeJ.s:4948   .debug_str:0000000000000861 .LASF88
     /tmp/ccob6SeJ.s:4858   .debug_str:00000000000005b3 .LASF89
     /tmp/ccob6SeJ.s:4708   .debug_str:00000000000000d8 .LASF90
     /tmp/ccob6SeJ.s:4716   .debug_str:0000000000000105 .LASF96
     /tmp/ccob6SeJ.s:4828   .debug_str:00000000000004e7 .LASF98
GAS LISTING /tmp/ccob6SeJ.s 			page 31


     /tmp/ccob6SeJ.s:4744   .debug_str:00000000000001f3 .LASF91
     /tmp/ccob6SeJ.s:4688   .debug_str:0000000000000042 .LASF93
     /tmp/ccob6SeJ.s:5034   .debug_str:0000000000000b66 .LASF94
     /tmp/ccob6SeJ.s:4876   .debug_str:000000000000062c .LASF95
     /tmp/ccob6SeJ.s:4684   .debug_str:0000000000000020 .LASF97
     /tmp/ccob6SeJ.s:4864   .debug_str:00000000000005d5 .LASF99
     /tmp/ccob6SeJ.s:4922   .debug_str:000000000000077d .LASF100
     /tmp/ccob6SeJ.s:4910   .debug_str:000000000000073e .LASF101
     /tmp/ccob6SeJ.s:5024   .debug_str:0000000000000b13 .LASF102
     /tmp/ccob6SeJ.s:4996   .debug_str:0000000000000a78 .LASF103
     /tmp/ccob6SeJ.s:4956   .debug_str:0000000000000888 .LASF104
     /tmp/ccob6SeJ.s:4894   .debug_str:00000000000006d5 .LASF105
     /tmp/ccob6SeJ.s:5004   .debug_str:0000000000000ac2 .LASF106
     /tmp/ccob6SeJ.s:4780   .debug_str:0000000000000339 .LASF107
     /tmp/ccob6SeJ.s:4788   .debug_str:0000000000000374 .LASF108
     /tmp/ccob6SeJ.s:4982   .debug_str:0000000000000a0a .LASF109
     /tmp/ccob6SeJ.s:4978   .debug_str:00000000000009de .LASF111
     /tmp/ccob6SeJ.s:4900   .debug_str:00000000000006fa .LASF112
     /tmp/ccob6SeJ.s:4860   .debug_str:00000000000005bb .LASF113
     /tmp/ccob6SeJ.s:4886   .debug_str:000000000000069e .LASF114
     /tmp/ccob6SeJ.s:4888   .debug_str:00000000000006a5 .LASF115
     /tmp/ccob6SeJ.s:4856   .debug_str:00000000000005ac .LASF116
     /tmp/ccob6SeJ.s:4812   .debug_str:0000000000000465 .LASF117
     /tmp/ccob6SeJ.s:5020   .debug_str:0000000000000aff .LASF118
     /tmp/ccob6SeJ.s:4942   .debug_str:000000000000081f .LASF119
     /tmp/ccob6SeJ.s:4852   .debug_str:000000000000059f .LASF120
     /tmp/ccob6SeJ.s:4924   .debug_str:000000000000078e .LASF121
     /tmp/ccob6SeJ.s:4832   .debug_str:000000000000050c .LASF122
     /tmp/ccob6SeJ.s:4890   .debug_str:00000000000006b8 .LASF123
     /tmp/ccob6SeJ.s:5048   .debug_str:0000000000000bea .LASF124
     /tmp/ccob6SeJ.s:4798   .debug_str:00000000000003d6 .LASF125
     /tmp/ccob6SeJ.s:4940   .debug_str:0000000000000818 .LASF126
     /tmp/ccob6SeJ.s:4916   .debug_str:0000000000000755 .LASF127
     /tmp/ccob6SeJ.s:4918   .debug_str:0000000000000768 .LASF128
     /tmp/ccob6SeJ.s:4734   .debug_str:000000000000019c .LASF129
     /tmp/ccob6SeJ.s:4752   .debug_str:0000000000000234 .LASF130
     /tmp/ccob6SeJ.s:4786   .debug_str:0000000000000362 .LASF131
     /tmp/ccob6SeJ.s:4974   .debug_str:00000000000009d0 .LASF132
     /tmp/ccob6SeJ.s:4748   .debug_str:0000000000000219 .LASF133
     /tmp/ccob6SeJ.s:4694   .debug_str:000000000000007d .LASF134
     /tmp/ccob6SeJ.s:4908   .debug_str:0000000000000726 .LASF135
     /tmp/ccob6SeJ.s:4902   .debug_str:0000000000000703 .LASF136
     /tmp/ccob6SeJ.s:5042   .debug_str:0000000000000bba .LASF137
     /tmp/ccob6SeJ.s:5006   .debug_str:0000000000000ac8 .LASF138
     /tmp/ccob6SeJ.s:5026   .debug_str:0000000000000b1e .LASF139
     /tmp/ccob6SeJ.s:4732   .debug_str:0000000000000192 .LASF140
     /tmp/ccob6SeJ.s:4842   .debug_str:0000000000000540 .LASF141
     /tmp/ccob6SeJ.s:5016   .debug_str:0000000000000ae6 .LASF142
     /tmp/ccob6SeJ.s:4776   .debug_str:000000000000030f .LASF143
     /tmp/ccob6SeJ.s:5008   .debug_str:0000000000000ad2 .LASF144
     /tmp/ccob6SeJ.s:4868   .debug_str:00000000000005ec .LASF145
     /tmp/ccob6SeJ.s:5010   .debug_str:0000000000000ad7 .LASF146
     /tmp/ccob6SeJ.s:4804   .debug_str:0000000000000402 .LASF147
     /tmp/ccob6SeJ.s:5012   .debug_str:0000000000000adc .LASF148
     /tmp/ccob6SeJ.s:5028   .debug_str:0000000000000b34 .LASF149
     /tmp/ccob6SeJ.s:5014   .debug_str:0000000000000ae1 .LASF150
     /tmp/ccob6SeJ.s:5050   .debug_str:0000000000000bf2 .LASF151
GAS LISTING /tmp/ccob6SeJ.s 			page 32


     /tmp/ccob6SeJ.s:4862   .debug_str:00000000000005d0 .LASF152
     /tmp/ccob6SeJ.s:4840   .debug_str:000000000000052f .LASF153
     /tmp/ccob6SeJ.s:4920   .debug_str:000000000000076f .LASF154
     /tmp/ccob6SeJ.s:4758   .debug_str:000000000000026c .LASF155
     /tmp/ccob6SeJ.s:4794   .debug_str:00000000000003a5 .LASF156
     /tmp/ccob6SeJ.s:4990   .debug_str:0000000000000a4c .LASF157
     /tmp/ccob6SeJ.s:4878   .debug_str:000000000000063f .LASF158
     /tmp/ccob6SeJ.s:4806   .debug_str:0000000000000413 .LASF159
     /tmp/ccob6SeJ.s:4710   .debug_str:00000000000000e3 .LASF160
     /tmp/ccob6SeJ.s:4830   .debug_str:0000000000000500 .LASF161
     /tmp/ccob6SeJ.s:4984   .debug_str:0000000000000a13 .LASF162
     /tmp/ccob6SeJ.s:4768   .debug_str:00000000000002c4 .LASF164
     /tmp/ccob6SeJ.s:4882   .debug_str:000000000000066a .LASF166
     /tmp/ccob6SeJ.s:4818   .debug_str:00000000000004a9 .LASF163
     /tmp/ccob6SeJ.s:4714   .debug_str:0000000000000100 .LASF165
     /tmp/ccob6SeJ.s:4824   .debug_str:00000000000004c7 .LASF167
     /tmp/ccob6SeJ.s:841    .text:00000000000004ac .LFE54
     /tmp/ccob6SeJ.s:4700   .debug_str:00000000000000aa .LASF168
     /tmp/ccob6SeJ.s:4081   .debug_loc:0000000000000000 .LLST35
     /tmp/ccob6SeJ.s:4103   .debug_loc:000000000000005f .LLST36
     /tmp/ccob6SeJ.s:4132   .debug_loc:00000000000000d4 .LLST37
     /tmp/ccob6SeJ.s:740    .text:00000000000003f0 .LBB95
     /tmp/ccob6SeJ.s:4638   .debug_ranges:0000000000000000 .Ldebug_ranges0
     /tmp/ccob6SeJ.s:4154   .debug_loc:0000000000000133 .LLST38
     /tmp/ccob6SeJ.s:4167   .debug_loc:000000000000016b .LLST39
     /tmp/ccob6SeJ.s:4178   .debug_loc:00000000000001a1 .LLST40
     /tmp/ccob6SeJ.s:4196   .debug_loc:00000000000001ed .LLST41
     /tmp/ccob6SeJ.s:781    .text:0000000000000458 .LBB97
     /tmp/ccob6SeJ.s:788    .text:0000000000000460 .LBE97
     /tmp/ccob6SeJ.s:4207   .debug_loc:0000000000000223 .LLST42
     /tmp/ccob6SeJ.s:757    .text:0000000000000420 .LVL69
     /tmp/ccob6SeJ.s:736    .text:00000000000003ec .LVL67
     /tmp/ccob6SeJ.s:834    .text:00000000000004a0 .LVL77
     /tmp/ccob6SeJ.s:838    .text:00000000000004ac .LVL78
     /tmp/ccob6SeJ.s:659    .text:0000000000000378 .LFB53
     /tmp/ccob6SeJ.s:699    .text:00000000000003b4 .LFE53
     /tmp/ccob6SeJ.s:4216   .debug_loc:0000000000000249 .LLST34
     /tmp/ccob6SeJ.s:679    .text:0000000000000398 .LVL62
     /tmp/ccob6SeJ.s:420    .text:0000000000000244 .LFB52
     /tmp/ccob6SeJ.s:539    .text:00000000000002d4 .LFE52
     /tmp/ccob6SeJ.s:4740   .debug_str:00000000000001d8 .LASF169
     /tmp/ccob6SeJ.s:4241   .debug_loc:00000000000002ab .LLST23
     /tmp/ccob6SeJ.s:456    .text:0000000000000274 .LBB75
     /tmp/ccob6SeJ.s:4252   .debug_loc:00000000000002e1 .LLST24
     /tmp/ccob6SeJ.s:4267   .debug_loc:000000000000031d .LLST25
     /tmp/ccob6SeJ.s:4278   .debug_loc:0000000000000353 .LLST26
     /tmp/ccob6SeJ.s:464    .text:000000000000027c .LBB77
     /tmp/ccob6SeJ.s:470    .text:0000000000000284 .LBE77
     /tmp/ccob6SeJ.s:4285   .debug_loc:0000000000000376 .LLST27
     /tmp/ccob6SeJ.s:468    .text:0000000000000284 .LVL42
     /tmp/ccob6SeJ.s:474    .text:0000000000000284 .LBB80
     /tmp/ccob6SeJ.s:481    .text:0000000000000288 .LBE80
     /tmp/ccob6SeJ.s:4292   .debug_loc:0000000000000399 .LLST28
     /tmp/ccob6SeJ.s:4300   .debug_loc:00000000000003bd .LLST29
     /tmp/ccob6SeJ.s:486    .text:0000000000000294 .LVL44
     /tmp/ccob6SeJ.s:428    .text:000000000000024c .LBB71
     /tmp/ccob6SeJ.s:4307   .debug_loc:00000000000003e0 .LLST22
GAS LISTING /tmp/ccob6SeJ.s 			page 33


     /tmp/ccob6SeJ.s:306    .text:00000000000001b4 .LFB51
     /tmp/ccob6SeJ.s:414    .text:0000000000000244 .LFE51
     /tmp/ccob6SeJ.s:4322   .debug_loc:000000000000041c .LLST11
     /tmp/ccob6SeJ.s:311    .text:00000000000001b4 .LBB59
     /tmp/ccob6SeJ.s:318    .text:00000000000001b8 .LBE59
     /tmp/ccob6SeJ.s:4344   .debug_loc:000000000000047b .LLST12
     /tmp/ccob6SeJ.s:341    .text:00000000000001e4 .LBB61
     /tmp/ccob6SeJ.s:4351   .debug_loc:000000000000049e .LLST13
     /tmp/ccob6SeJ.s:4362   .debug_loc:00000000000004d4 .LLST14
     /tmp/ccob6SeJ.s:4377   .debug_loc:0000000000000510 .LLST15
     /tmp/ccob6SeJ.s:343    .text:00000000000001e4 .LBB63
     /tmp/ccob6SeJ.s:351    .text:00000000000001f0 .LBE63
     /tmp/ccob6SeJ.s:4388   .debug_loc:0000000000000546 .LLST16
     /tmp/ccob6SeJ.s:349    .text:00000000000001f0 .LVL31
     /tmp/ccob6SeJ.s:352    .text:00000000000001f0 .LBB65
     /tmp/ccob6SeJ.s:359    .text:00000000000001f8 .LBE65
     /tmp/ccob6SeJ.s:4396   .debug_loc:000000000000056a .LLST17
     /tmp/ccob6SeJ.s:4404   .debug_loc:000000000000058e .LLST18
     /tmp/ccob6SeJ.s:4411   .debug_loc:00000000000005b1 .LLST19
     /tmp/ccob6SeJ.s:373    .text:0000000000000208 .LBB68
     /tmp/ccob6SeJ.s:382    .text:0000000000000218 .LBE68
     /tmp/ccob6SeJ.s:4418   .debug_loc:00000000000005d4 .LLST20
     /tmp/ccob6SeJ.s:4426   .debug_loc:00000000000005f8 .LLST21
     /tmp/ccob6SeJ.s:386    .text:0000000000000220 .LVL35
     /tmp/ccob6SeJ.s:592    .text:0000000000000314 .LFB50
     /tmp/ccob6SeJ.s:653    .text:0000000000000378 .LFE50
     /tmp/ccob6SeJ.s:622    .text:000000000000034c .LBB87
     /tmp/ccob6SeJ.s:630    .text:0000000000000354 .LBE87
     /tmp/ccob6SeJ.s:4434   .debug_loc:0000000000000623 .LLST32
     /tmp/ccob6SeJ.s:4442   .debug_loc:0000000000000647 .LLST33
     /tmp/ccob6SeJ.s:608    .text:0000000000000330 .LVL54
     /tmp/ccob6SeJ.s:636    .text:000000000000035c .LVL58
     /tmp/ccob6SeJ.s:640    .text:0000000000000364 .LVL59
     /tmp/ccob6SeJ.s:185    .text:000000000000010c .LFB49
     /tmp/ccob6SeJ.s:261    .text:000000000000017c .LFE49
     /tmp/ccob6SeJ.s:4449   .debug_loc:000000000000066a .LLST8
     /tmp/ccob6SeJ.s:203    .text:0000000000000128 .LBB55
     /tmp/ccob6SeJ.s:210    .text:000000000000012c .LBE55
     /tmp/ccob6SeJ.s:4460   .debug_loc:00000000000006a0 .LLST9
     /tmp/ccob6SeJ.s:214    .text:0000000000000130 .LBB57
     /tmp/ccob6SeJ.s:221    .text:0000000000000134 .LBE57
     /tmp/ccob6SeJ.s:4467   .debug_loc:00000000000006c3 .LLST10
     /tmp/ccob6SeJ.s:228    .text:0000000000000140 .LVL19
     /tmp/ccob6SeJ.s:236    .text:0000000000000158 .LVL20
     /tmp/ccob6SeJ.s:258    .text:0000000000000178 .LVL23
     /tmp/ccob6SeJ.s:267    .text:000000000000017c .LFB48
     /tmp/ccob6SeJ.s:300    .text:00000000000001b4 .LFE48
     /tmp/ccob6SeJ.s:281    .text:0000000000000194 .LVL24
     /tmp/ccob6SeJ.s:285    .text:000000000000019c .LVL25
     /tmp/ccob6SeJ.s:289    .text:00000000000001a4 .LVL26
     /tmp/ccob6SeJ.s:545    .text:00000000000002d4 .LFB47
     /tmp/ccob6SeJ.s:586    .text:0000000000000314 .LFE47
     /tmp/ccob6SeJ.s:558    .text:00000000000002e4 .LBB85
     /tmp/ccob6SeJ.s:567    .text:00000000000002f4 .LBE85
     /tmp/ccob6SeJ.s:4474   .debug_loc:00000000000006e6 .LLST30
     /tmp/ccob6SeJ.s:4482   .debug_loc:000000000000070a .LLST31
     /tmp/ccob6SeJ.s:571    .text:00000000000002fc .LVL52
GAS LISTING /tmp/ccob6SeJ.s 			page 34


     /tmp/ccob6SeJ.s:575    .text:0000000000000304 .LVL53
     /tmp/ccob6SeJ.s:159    .text:000000000000010c .LFE46
     /tmp/ccob6SeJ.s:4490   .debug_loc:0000000000000735 .LLST0
     /tmp/ccob6SeJ.s:4512   .debug_loc:0000000000000794 .LLST1
     /tmp/ccob6SeJ.s:4541   .debug_loc:0000000000000809 .LLST2
     /tmp/ccob6SeJ.s:46     .text:000000000000003c .LBB49
     /tmp/ccob6SeJ.s:4563   .debug_loc:0000000000000868 .LLST3
     /tmp/ccob6SeJ.s:4576   .debug_loc:00000000000008a0 .LLST4
     /tmp/ccob6SeJ.s:4587   .debug_loc:00000000000008d6 .LLST5
     /tmp/ccob6SeJ.s:4605   .debug_loc:0000000000000922 .LLST6
     /tmp/ccob6SeJ.s:88     .text:00000000000000a4 .LBB51
     /tmp/ccob6SeJ.s:96     .text:00000000000000ac .LBE51
     /tmp/ccob6SeJ.s:4616   .debug_loc:0000000000000958 .LLST7
     /tmp/ccob6SeJ.s:64     .text:000000000000006c .LVL4
     /tmp/ccob6SeJ.s:42     .text:0000000000000038 .LVL2
     /tmp/ccob6SeJ.s:109    .text:00000000000000c0 .LVL7
     /tmp/ccob6SeJ.s:153    .text:0000000000000100 .LVL13
     /tmp/ccob6SeJ.s:156    .text:000000000000010c .LVL14
     /tmp/ccob6SeJ.s:4928   .debug_str:00000000000007ad .LASF170
     /tmp/ccob6SeJ.s:4782   .debug_str:0000000000000344 .LASF171
     /tmp/ccob6SeJ.s:4800   .debug_str:00000000000003ea .LASF172
     /tmp/ccob6SeJ.s:4762   .debug_str:000000000000029e .LASF173
     /tmp/ccob6SeJ.s:4994   .debug_str:0000000000000a71 .LASF174
     /tmp/ccob6SeJ.s:5032   .debug_str:0000000000000b57 .LASF186
     /tmp/ccob6SeJ.s:4746   .debug_str:0000000000000201 .LASF187
     /tmp/ccob6SeJ.s:710    .text:00000000000003b4 .LVL65
     /tmp/ccob6SeJ.s:733    .text:00000000000003e4 .LVL66
     /tmp/ccob6SeJ.s:811    .text:000000000000047c .LVL73
     /tmp/ccob6SeJ.s:818    .text:0000000000000488 .LVL75
     /tmp/ccob6SeJ.s:808    .text:0000000000000478 .LVL72
     /tmp/ccob6SeJ.s:828    .text:0000000000000494 .LVL76
     /tmp/ccob6SeJ.s:814    .text:0000000000000480 .LVL74
     /tmp/ccob6SeJ.s:739    .text:00000000000003f0 .LVL68
     /tmp/ccob6SeJ.s:786    .text:0000000000000460 .LVL71
     /tmp/ccob6SeJ.s:780    .text:0000000000000458 .LVL70
     /tmp/ccob6SeJ.s:662    .text:0000000000000378 .LVL60
     /tmp/ccob6SeJ.s:677    .text:0000000000000390 .LVL61
     /tmp/ccob6SeJ.s:691    .text:00000000000003ac .LVL63
     /tmp/ccob6SeJ.s:696    .text:00000000000003b0 .LVL64
     /tmp/ccob6SeJ.s:506    .text:00000000000002ac .LVL47
     /tmp/ccob6SeJ.s:519    .text:00000000000002bc .LVL48
     /tmp/ccob6SeJ.s:532    .text:00000000000002c8 .LVL49
     /tmp/ccob6SeJ.s:453    .text:0000000000000274 .LVL40
     /tmp/ccob6SeJ.s:463    .text:000000000000027c .LVL41
     /tmp/ccob6SeJ.s:479    .text:0000000000000288 .LVL43
     /tmp/ccob6SeJ.s:427    .text:000000000000024c .LVL38
     /tmp/ccob6SeJ.s:436    .text:0000000000000258 .LVL39
     /tmp/ccob6SeJ.s:492    .text:000000000000029c .LVL45
     /tmp/ccob6SeJ.s:501    .text:00000000000002a8 .LVL46
     /tmp/ccob6SeJ.s:309    .text:00000000000001b4 .LVL27
     /tmp/ccob6SeJ.s:347    .text:00000000000001e8 .LVL30
     /tmp/ccob6SeJ.s:396    .text:000000000000022c .LVL36
     /tmp/ccob6SeJ.s:402    .text:0000000000000238 .LVL37
     /tmp/ccob6SeJ.s:316    .text:00000000000001b8 .LVL28
     /tmp/ccob6SeJ.s:340    .text:00000000000001e4 .LVL29
     /tmp/ccob6SeJ.s:369    .text:0000000000000208 .LVL33
     /tmp/ccob6SeJ.s:357    .text:00000000000001f8 .LVL32
GAS LISTING /tmp/ccob6SeJ.s 			page 35


     /tmp/ccob6SeJ.s:380    .text:0000000000000218 .LVL34
     /tmp/ccob6SeJ.s:621    .text:000000000000034c .LVL56
     /tmp/ccob6SeJ.s:628    .text:0000000000000354 .LVL57
     /tmp/ccob6SeJ.s:201    .text:0000000000000128 .LVL15
     /tmp/ccob6SeJ.s:247    .text:0000000000000164 .LVL21
     /tmp/ccob6SeJ.s:251    .text:000000000000016c .LVL22
     /tmp/ccob6SeJ.s:208    .text:000000000000012c .LVL16
     /tmp/ccob6SeJ.s:213    .text:0000000000000130 .LVL17
     /tmp/ccob6SeJ.s:219    .text:0000000000000134 .LVL18
     /tmp/ccob6SeJ.s:557    .text:00000000000002e4 .LVL50
     /tmp/ccob6SeJ.s:565    .text:00000000000002f4 .LVL51
     /tmp/ccob6SeJ.s:16     .text:0000000000000000 .LVL0
     /tmp/ccob6SeJ.s:39     .text:0000000000000030 .LVL1
     /tmp/ccob6SeJ.s:130    .text:00000000000000dc .LVL9
     /tmp/ccob6SeJ.s:137    .text:00000000000000e8 .LVL11
     /tmp/ccob6SeJ.s:127    .text:00000000000000d8 .LVL8
     /tmp/ccob6SeJ.s:147    .text:00000000000000f4 .LVL12
     /tmp/ccob6SeJ.s:133    .text:00000000000000e0 .LVL10
     /tmp/ccob6SeJ.s:45     .text:000000000000003c .LVL3
     /tmp/ccob6SeJ.s:94     .text:00000000000000ac .LVL6
     /tmp/ccob6SeJ.s:87     .text:00000000000000a4 .LVL5
     /tmp/ccob6SeJ.s:892    .debug_info:0000000000000000 .Ldebug_info0
     /tmp/ccob6SeJ.s:99     .text:00000000000000ac .LBE49
     /tmp/ccob6SeJ.s:140    .text:00000000000000e8 .LBB54
     /tmp/ccob6SeJ.s:149    .text:00000000000000f4 .LBE54
     /tmp/ccob6SeJ.s:371    .text:0000000000000208 .LBE61
     /tmp/ccob6SeJ.s:405    .text:0000000000000238 .LBB70
     /tmp/ccob6SeJ.s:412    .text:0000000000000244 .LBE70
     /tmp/ccob6SeJ.s:438    .text:0000000000000258 .LBE71
     /tmp/ccob6SeJ.s:493    .text:000000000000029c .LBB83
     /tmp/ccob6SeJ.s:503    .text:00000000000002a8 .LBE83
     /tmp/ccob6SeJ.s:455    .text:0000000000000274 .LBB74
     /tmp/ccob6SeJ.s:487    .text:0000000000000294 .LBE74
     /tmp/ccob6SeJ.s:508    .text:00000000000002ac .LBB84
     /tmp/ccob6SeJ.s:523    .text:00000000000002bc .LBE84
     /tmp/ccob6SeJ.s:472    .text:0000000000000284 .LBE75
     /tmp/ccob6SeJ.s:510    .text:00000000000002ac .LBB82
     /tmp/ccob6SeJ.s:522    .text:00000000000002bc .LBE82
     /tmp/ccob6SeJ.s:791    .text:0000000000000460 .LBE95
     /tmp/ccob6SeJ.s:821    .text:0000000000000488 .LBB100
     /tmp/ccob6SeJ.s:830    .text:0000000000000494 .LBE100
     /tmp/ccob6SeJ.s:162    .gcc_except_table:0000000000000000 .LLSDA46
     /tmp/ccob6SeJ.s:843    .gcc_except_table:000000000000002b .LLSDA54

UNDEFINED SYMBOLS
_Znwm
_Znam
_ZN9Scheduler3putEP3TCB
_ZdlPv
_Unwind_Resume
__gxx_personality_v0
_ZN9Scheduler3getEv
_ZN3TCB13contextSwitchEPNS_7ContextES1_
_ZN5Riscv13pushRegistersEv
_ZN5Riscv12popRegistersEv
_ZN15MemoryAllocator10_mem_allocEm
_ZN15MemoryAllocator9_mem_freeEPv
GAS LISTING /tmp/ccob6SeJ.s 			page 36


_ZN5Riscv10popSppSpieEv
_ZN6Thread8dispatchEv
